stm32f3xx_ll_system.h:1105:22:LL_SYSCFG_SetEXTISource	24	static,ignoring_inline_asm
stm32f3xx_ll_gpio.h:273:22:LL_GPIO_SetPinMode	40	static,ignoring_inline_asm
stm32f3xx_ll_gpio.h:482:22:LL_GPIO_SetPinPull	40	static,ignoring_inline_asm
stm32f3xx_ll_gpio.h:879:22:LL_GPIO_SetOutputPin	16	static
stm32f3xx_ll_gpio.h:908:22:LL_GPIO_ResetOutputPin	16	static
stm32f3xx_ll_bus.h:287:22:LL_AHB1_GRP1_EnableClock	24	static
main.c:74:5:main	304	static
main.c:157:6:SystemClock_Config	160	static
main.c:205:13:MX_TIM1_Init	56	static
main.c:256:13:MX_TIM16_Init	80	static
main.c:319:13:MX_USART2_UART_Init	8	static
main.c:354:13:MX_GPIO_Init	48	static
main.c:423:6:Error_Handler	4	static
