19:21:47 **** Incremental Build of configuration Debug for project dcmotorsimple ****
make -j4 all 
arm-none-eabi-gcc "../Core/Src/main.c" -mcpu=cortex-m4 -std=gnu11 -g3 -DUSE_HAL_DRIVER -DSTM32F303xE -DUSE_FULL_LL_DRIVER -DDEBUG -c -I../Drivers/CMSIS/Include -I../Drivers/STM32F3xx_HAL_Driver/Inc -I../Core/Inc -I../Drivers/STM32F3xx_HAL_Driver/Inc/Legacy -I../Drivers/CMSIS/Device/ST/STM32F3xx/Include -O0 -ffunction-sections -fdata-sections -Wall -fstack-usage -MMD -MP -MF"Core/Src/main.d" -MT"Core/Src/main.o" --specs=nano.specs -mfpu=fpv4-sp-d16 -mfloat-abi=hard -mthumb -o "Core/Src/main.o"
arm-none-eabi-gcc -o "dcmotorsimple.elf" @"objects.list"   -mcpu=cortex-m4 -T"/home/javi/github_projects/dcmotorsimple/dcmotorsimple/STM32F303RETX_FLASH.ld" --specs=nosys.specs -Wl,-Map="dcmotorsimple.map" -Wl,--gc-sections -static --specs=nano.specs -mfpu=fpv4-sp-d16 -mfloat-abi=hard -mthumb -Wl,--start-group -lc -lm -Wl,--end-group
Finished building target: dcmotorsimple.elf
 
arm-none-eabi-objdump -h -S  dcmotorsimple.elf  > "dcmotorsimple.list"
arm-none-eabi-size   dcmotorsimple.elf 
   text	   data	    bss	    dec	    hex	filename
  19732	     20	   1844	  21596	   545c	dcmotorsimple.elf
Finished building: default.size.stdout
 
Finished building: dcmotorsimple.list
 

19:21:48 Build Finished. 0 errors, 0 warnings. (took 1s.821ms)

