Archive member included to satisfy reference by file (symbol)

/opt/st/stm32cubeide_1.1.0/plugins/com.st.stm32cube.ide.mcu.externaltools.gnu-tools-for-stm32.7-2018-q2-update.linux64_1.0.0.201904181610/tools/bin/../lib/gcc/arm-none-eabi/7.3.1/../../../../arm-none-eabi/lib/thumb/v7e-m/fpv4-sp/hard/libc_nano.a(lib_a-errno.o)
                              Core/Src/syscalls.o (__errno)
/opt/st/stm32cubeide_1.1.0/plugins/com.st.stm32cube.ide.mcu.externaltools.gnu-tools-for-stm32.7-2018-q2-update.linux64_1.0.0.201904181610/tools/bin/../lib/gcc/arm-none-eabi/7.3.1/../../../../arm-none-eabi/lib/thumb/v7e-m/fpv4-sp/hard/libc_nano.a(lib_a-exit.o)
                              /opt/st/stm32cubeide_1.1.0/plugins/com.st.stm32cube.ide.mcu.externaltools.gnu-tools-for-stm32.7-2018-q2-update.linux64_1.0.0.201904181610/tools/bin/../lib/gcc/arm-none-eabi/7.3.1/../../../../arm-none-eabi/lib/thumb/v7e-m/fpv4-sp/hard/crt0.o (exit)
/opt/st/stm32cubeide_1.1.0/plugins/com.st.stm32cube.ide.mcu.externaltools.gnu-tools-for-stm32.7-2018-q2-update.linux64_1.0.0.201904181610/tools/bin/../lib/gcc/arm-none-eabi/7.3.1/../../../../arm-none-eabi/lib/thumb/v7e-m/fpv4-sp/hard/libc_nano.a(lib_a-impure.o)
                              /opt/st/stm32cubeide_1.1.0/plugins/com.st.stm32cube.ide.mcu.externaltools.gnu-tools-for-stm32.7-2018-q2-update.linux64_1.0.0.201904181610/tools/bin/../lib/gcc/arm-none-eabi/7.3.1/../../../../arm-none-eabi/lib/thumb/v7e-m/fpv4-sp/hard/libc_nano.a(lib_a-exit.o) (_global_impure_ptr)
/opt/st/stm32cubeide_1.1.0/plugins/com.st.stm32cube.ide.mcu.externaltools.gnu-tools-for-stm32.7-2018-q2-update.linux64_1.0.0.201904181610/tools/bin/../lib/gcc/arm-none-eabi/7.3.1/../../../../arm-none-eabi/lib/thumb/v7e-m/fpv4-sp/hard/libc_nano.a(lib_a-init.o)
                              /opt/st/stm32cubeide_1.1.0/plugins/com.st.stm32cube.ide.mcu.externaltools.gnu-tools-for-stm32.7-2018-q2-update.linux64_1.0.0.201904181610/tools/bin/../lib/gcc/arm-none-eabi/7.3.1/../../../../arm-none-eabi/lib/thumb/v7e-m/fpv4-sp/hard/crt0.o (__libc_init_array)
/opt/st/stm32cubeide_1.1.0/plugins/com.st.stm32cube.ide.mcu.externaltools.gnu-tools-for-stm32.7-2018-q2-update.linux64_1.0.0.201904181610/tools/bin/../lib/gcc/arm-none-eabi/7.3.1/../../../../arm-none-eabi/lib/thumb/v7e-m/fpv4-sp/hard/libc_nano.a(lib_a-memset.o)
                              /opt/st/stm32cubeide_1.1.0/plugins/com.st.stm32cube.ide.mcu.externaltools.gnu-tools-for-stm32.7-2018-q2-update.linux64_1.0.0.201904181610/tools/bin/../lib/gcc/arm-none-eabi/7.3.1/../../../../arm-none-eabi/lib/thumb/v7e-m/fpv4-sp/hard/crt0.o (memset)
/opt/st/stm32cubeide_1.1.0/plugins/com.st.stm32cube.ide.mcu.externaltools.gnu-tools-for-stm32.7-2018-q2-update.linux64_1.0.0.201904181610/tools/bin/../lib/gcc/arm-none-eabi/7.3.1/thumb/v7e-m/fpv4-sp/hard/libgcc.a(_arm_addsubdf3.o)
                              Core/Src/main.o (__aeabi_f2d)
/opt/st/stm32cubeide_1.1.0/plugins/com.st.stm32cube.ide.mcu.externaltools.gnu-tools-for-stm32.7-2018-q2-update.linux64_1.0.0.201904181610/tools/bin/../lib/gcc/arm-none-eabi/7.3.1/thumb/v7e-m/fpv4-sp/hard/libgcc.a(_arm_muldivdf3.o)
                              Core/Src/main.o (__aeabi_ddiv)
/opt/st/stm32cubeide_1.1.0/plugins/com.st.stm32cube.ide.mcu.externaltools.gnu-tools-for-stm32.7-2018-q2-update.linux64_1.0.0.201904181610/tools/bin/../lib/gcc/arm-none-eabi/7.3.1/thumb/v7e-m/fpv4-sp/hard/libgcc.a(_arm_truncdfsf2.o)
                              Core/Src/main.o (__aeabi_d2f)

Allocating common symbols
Common symbol       size              file

hadc2               0x50              Core/Src/adc.o
uwTick              0x4               Drivers/STM32F3xx_HAL_Driver/Src/stm32f3xx_hal.o
pFlash              0x20              Drivers/STM32F3xx_HAL_Driver/Src/stm32f3xx_hal_flash.o
htim2               0x40              Core/Src/tim.o
mA_Array            0xfa0             Core/Src/main.o
huart2              0x80              Core/Src/usart.o

Discarded input sections

 .text          0x0000000000000000        0x0 /opt/st/stm32cubeide_1.1.0/plugins/com.st.stm32cube.ide.mcu.externaltools.gnu-tools-for-stm32.7-2018-q2-update.linux64_1.0.0.201904181610/tools/bin/../lib/gcc/arm-none-eabi/7.3.1/thumb/v7e-m/fpv4-sp/hard/crti.o
 .data          0x0000000000000000        0x0 /opt/st/stm32cubeide_1.1.0/plugins/com.st.stm32cube.ide.mcu.externaltools.gnu-tools-for-stm32.7-2018-q2-update.linux64_1.0.0.201904181610/tools/bin/../lib/gcc/arm-none-eabi/7.3.1/thumb/v7e-m/fpv4-sp/hard/crti.o
 .bss           0x0000000000000000        0x0 /opt/st/stm32cubeide_1.1.0/plugins/com.st.stm32cube.ide.mcu.externaltools.gnu-tools-for-stm32.7-2018-q2-update.linux64_1.0.0.201904181610/tools/bin/../lib/gcc/arm-none-eabi/7.3.1/thumb/v7e-m/fpv4-sp/hard/crti.o
 .data          0x0000000000000000        0x4 /opt/st/stm32cubeide_1.1.0/plugins/com.st.stm32cube.ide.mcu.externaltools.gnu-tools-for-stm32.7-2018-q2-update.linux64_1.0.0.201904181610/tools/bin/../lib/gcc/arm-none-eabi/7.3.1/thumb/v7e-m/fpv4-sp/hard/crtbegin.o
[...]
Memory Configuration

Name             Origin             Length             Attributes
CCMRAM           0x0000000010000000 0x0000000000004000 xrw
RAM              0x0000000020000000 0x0000000000010000 xrw
FLASH            0x0000000008000000 0x0000000000080000 xr
*default*        0x0000000000000000 0xffffffffffffffff

Linker script and memory map

LOAD /opt/st/stm32cubeide_1.1.0/plugins/com.st.stm32cube.ide.mcu.externaltools.gnu-tools-for-stm32.7-2018-q2-update.linux64_1.0.0.201904181610/tools/bin/../lib/gcc/arm-none-eabi/7.3.1/thumb/v7e-m/fpv4-sp/hard/crti.o
LOAD /opt/st/stm32cubeide_1.1.0/plugins/com.st.stm32cube.ide.mcu.externaltools.gnu-tools-for-stm32.7-2018-q2-update.linux64_1.0.0.201904181610/tools/bin/../lib/gcc/arm-none-eabi/7.3.1/thumb/v7e-m/fpv4-sp/hard/crtbegin.o
LOAD /opt/st/stm32cubeide_1.1.0/plugins/com.st.stm32cube.ide.mcu.externaltools.gnu-tools-for-stm32.7-2018-q2-update.linux64_1.0.0.201904181610/tools/bin/../lib/gcc/arm-none-eabi/7.3.1/../../../../arm-none-eabi/lib/thumb/v7e-m/fpv4-sp/hard/crt0.o
LOAD Com/com.o
LOAD Core/Src/adc.o
LOAD Core/Src/gpio.o
LOAD Core/Src/main.o
LOAD Core/Src/stm32f3xx_hal_msp.o
LOAD Core/Src/stm32f3xx_it.o
LOAD Core/Src/sys.o
LOAD Core/Src/syscalls.o
LOAD Core/Src/sysmem.o
LOAD Core/Src/system_stm32f3xx.o
LOAD Core/Src/tim.o
LOAD Core/Src/usart.o
LOAD Core/Startup/startup_stm32f303retx.o
LOAD Drivers/STM32F3xx_HAL_Driver/Src/stm32f3xx_hal.o
LOAD Drivers/STM32F3xx_HAL_Driver/Src/stm32f3xx_hal_adc.o
LOAD Drivers/STM32F3xx_HAL_Driver/Src/stm32f3xx_hal_adc_ex.o
LOAD Drivers/STM32F3xx_HAL_Driver/Src/stm32f3xx_hal_cortex.o
LOAD Drivers/STM32F3xx_HAL_Driver/Src/stm32f3xx_hal_dma.o
LOAD Drivers/STM32F3xx_HAL_Driver/Src/stm32f3xx_hal_exti.o
LOAD Drivers/STM32F3xx_HAL_Driver/Src/stm32f3xx_hal_flash.o
LOAD Drivers/STM32F3xx_HAL_Driver/Src/stm32f3xx_hal_flash_ex.o
LOAD Drivers/STM32F3xx_HAL_Driver/Src/stm32f3xx_hal_gpio.o
LOAD Drivers/STM32F3xx_HAL_Driver/Src/stm32f3xx_hal_i2c.o
LOAD Drivers/STM32F3xx_HAL_Driver/Src/stm32f3xx_hal_i2c_ex.o
LOAD Drivers/STM32F3xx_HAL_Driver/Src/stm32f3xx_hal_pwr.o
LOAD Drivers/STM32F3xx_HAL_Driver/Src/stm32f3xx_hal_pwr_ex.o
LOAD Drivers/STM32F3xx_HAL_Driver/Src/stm32f3xx_hal_rcc.o
LOAD Drivers/STM32F3xx_HAL_Driver/Src/stm32f3xx_hal_rcc_ex.o
LOAD Drivers/STM32F3xx_HAL_Driver/Src/stm32f3xx_hal_tim.o
LOAD Drivers/STM32F3xx_HAL_Driver/Src/stm32f3xx_hal_tim_ex.o
LOAD Drivers/STM32F3xx_HAL_Driver/Src/stm32f3xx_hal_uart.o
LOAD Drivers/STM32F3xx_HAL_Driver/Src/stm32f3xx_hal_uart_ex.o
LOAD Drivers/STM32F3xx_HAL_Driver/Src/stm32f3xx_ll_exti.o
LOAD Drivers/STM32F3xx_HAL_Driver/Src/stm32f3xx_ll_gpio.o
LOAD Drivers/STM32F3xx_HAL_Driver/Src/stm32f3xx_ll_rcc.o
LOAD Drivers/STM32F3xx_HAL_Driver/Src/stm32f3xx_ll_utils.o
START GROUP
LOAD /opt/st/stm32cubeide_1.1.0/plugins/com.st.stm32cube.ide.mcu.externaltools.gnu-tools-for-stm32.7-2018-q2-update.linux64_1.0.0.201904181610/tools/bin/../lib/gcc/arm-none-eabi/7.3.1/../../../../arm-none-eabi/lib/thumb/v7e-m/fpv4-sp/hard/libc_nano.a
LOAD /opt/st/stm32cubeide_1.1.0/plugins/com.st.stm32cube.ide.mcu.externaltools.gnu-tools-for-stm32.7-2018-q2-update.linux64_1.0.0.201904181610/tools/bin/../lib/gcc/arm-none-eabi/7.3.1/../../../../arm-none-eabi/lib/thumb/v7e-m/fpv4-sp/hard/libm.a
END GROUP
START GROUP
LOAD /opt/st/stm32cubeide_1.1.0/plugins/com.st.stm32cube.ide.mcu.externaltools.gnu-tools-for-stm32.7-2018-q2-update.linux64_1.0.0.201904181610/tools/bin/../lib/gcc/arm-none-eabi/7.3.1/thumb/v7e-m/fpv4-sp/hard/libgcc.a
LOAD /opt/st/stm32cubeide_1.1.0/plugins/com.st.stm32cube.ide.mcu.externaltools.gnu-tools-for-stm32.7-2018-q2-update.linux64_1.0.0.201904181610/tools/bin/../lib/gcc/arm-none-eabi/7.3.1/../../../../arm-none-eabi/lib/thumb/v7e-m/fpv4-sp/hard/libc_nano.a
END GROUP
START GROUP
LOAD /opt/st/stm32cubeide_1.1.0/plugins/com.st.stm32cube.ide.mcu.externaltools.gnu-tools-for-stm32.7-2018-q2-update.linux64_1.0.0.201904181610/tools/bin/../lib/gcc/arm-none-eabi/7.3.1/thumb/v7e-m/fpv4-sp/hard/libgcc.a
LOAD /opt/st/stm32cubeide_1.1.0/plugins/com.st.stm32cube.ide.mcu.externaltools.gnu-tools-for-stm32.7-2018-q2-update.linux64_1.0.0.201904181610/tools/bin/../lib/gcc/arm-none-eabi/7.3.1/../../../../arm-none-eabi/lib/thumb/v7e-m/fpv4-sp/hard/libc_nano.a
LOAD /opt/st/stm32cubeide_1.1.0/plugins/com.st.stm32cube.ide.mcu.externaltools.gnu-tools-for-stm32.7-2018-q2-update.linux64_1.0.0.201904181610/tools/bin/../lib/gcc/arm-none-eabi/7.3.1/../../../../arm-none-eabi/lib/thumb/v7e-m/fpv4-sp/hard/libnosys.a
END GROUP
START GROUP
LOAD /opt/st/stm32cubeide_1.1.0/plugins/com.st.stm32cube.ide.mcu.externaltools.gnu-tools-for-stm32.7-2018-q2-update.linux64_1.0.0.201904181610/tools/bin/../lib/gcc/arm-none-eabi/7.3.1/thumb/v7e-m/fpv4-sp/hard/libgcc.a
LOAD /opt/st/stm32cubeide_1.1.0/plugins/com.st.stm32cube.ide.mcu.externaltools.gnu-tools-for-stm32.7-2018-q2-update.linux64_1.0.0.201904181610/tools/bin/../lib/gcc/arm-none-eabi/7.3.1/../../../../arm-none-eabi/lib/thumb/v7e-m/fpv4-sp/hard/libc_nano.a
LOAD /opt/st/stm32cubeide_1.1.0/plugins/com.st.stm32cube.ide.mcu.externaltools.gnu-tools-for-stm32.7-2018-q2-update.linux64_1.0.0.201904181610/tools/bin/../lib/gcc/arm-none-eabi/7.3.1/../../../../arm-none-eabi/lib/thumb/v7e-m/fpv4-sp/hard/libnosys.a
END GROUP
LOAD /opt/st/stm32cubeide_1.1.0/plugins/com.st.stm32cube.ide.mcu.externaltools.gnu-tools-for-stm32.7-2018-q2-update.linux64_1.0.0.201904181610/tools/bin/../lib/gcc/arm-none-eabi/7.3.1/thumb/v7e-m/fpv4-sp/hard/crtend.o
LOAD /opt/st/stm32cubeide_1.1.0/plugins/com.st.stm32cube.ide.mcu.externaltools.gnu-tools-for-stm32.7-2018-q2-update.linux64_1.0.0.201904181610/tools/bin/../lib/gcc/arm-none-eabi/7.3.1/thumb/v7e-m/fpv4-sp/hard/crtn.o
                0x0000000020010000                _estack = (ORIGIN (RAM) + LENGTH (RAM))
                0x0000000000000200                _Min_Heap_Size = 0x200
                0x0000000000000400                _Min_Stack_Size = 0x400

.isr_vector     0x0000000008000000      0x194
                0x0000000008000000                . = ALIGN (0x4)
 *(.isr_vector)
 .isr_vector    0x0000000008000000      0x194 Core/Startup/startup_stm32f303retx.o
                0x0000000008000000                g_pfnVectors
                0x0000000008000194                . = ALIGN (0x4)

.text           0x0000000008000198     0x5ac8
                0x0000000008000198                . = ALIGN (0x4)
 *(.text)
 .text          0x0000000008000198       0x40 /opt/st/stm32cubeide_1.1.0/plugins/com.st.stm32cube.ide.mcu.externaltools.gnu-tools-for-stm32.7-2018-q2-update.linux64_1.0.0.201904181610/tools/bin/../lib/gcc/arm-none-eabi/7.3.1/thumb/v7e-m/fpv4-sp/hard/crtbegin.o
 .text          0x00000000080001d8      0x378 /opt/st/stm32cubeide_1.1.0/plugins/com.st.stm32cube.ide.mcu.externaltools.gnu-tools-for-stm32.7-2018-q2-update.linux64_1.0.0.201904181610/tools/bin/../lib/gcc/arm-none-eabi/7.3.1/thumb/v7e-m/fpv4-sp/hard/libgcc.a(_arm_addsubdf3.o)
                0x00000000080001d8                __aeabi_drsub
                0x00000000080001e0                __aeabi_dsub
                0x00000000080001e0                __subdf3
                0x00000000080001e4                __adddf3
                0x00000000080001e4                __aeabi_dadd
                0x000000000800045c                __aeabi_ui2d
                0x000000000800045c                __floatunsidf
                0x000000000800047c                __floatsidf
                0x000000000800047c                __aeabi_i2d
                0x00000000080004a0                __extendsfdf2
                0x00000000080004a0                __aeabi_f2d
                0x00000000080004e4                __aeabi_ul2d
                0x00000000080004e4                __floatundidf
                0x00000000080004f4                __floatdidf
                0x00000000080004f4                __aeabi_l2d
 .text          0x0000000008000550      0x424 /opt/st/stm32cubeide_1.1.0/plugins/com.st.stm32cube.ide.mcu.externaltools.gnu-tools-for-stm32.7-2018-q2-update.linux64_1.0.0.201904181610/tools/bin/../lib/gcc/arm-none-eabi/7.3.1/thumb/v7e-m/fpv4-sp/hard/libgcc.a(_arm_muldivdf3.o)
                0x0000000008000550                __aeabi_dmul
                0x0000000008000550                __muldf3
                0x00000000080007a4                __aeabi_ddiv
                0x00000000080007a4                __divdf3
 .text          0x0000000008000974       0xa0 /opt/st/stm32cubeide_1.1.0/plugins/com.st.stm32cube.ide.mcu.externaltools.gnu-tools-for-stm32.7-2018-q2-update.linux64_1.0.0.201904181610/tools/bin/../lib/gcc/arm-none-eabi/7.3.1/thumb/v7e-m/fpv4-sp/hard/libgcc.a(_arm_truncdfsf2.o)
                0x0000000008000974                __aeabi_d2f
                0x0000000008000974                __truncdfsf2
 *(.text*)
 .text.com_Test_SendBuffer
                0x0000000008000a14       0x24 Com/com.o
                0x0000000008000a14                com_Test_SendBuffer
 .text.MX_ADC2_Init
                0x0000000008000a38       0xbc Core/Src/adc.o
                0x0000000008000a38                MX_ADC2_Init
 .text.HAL_ADC_MspInit
                0x0000000008000af4       0x7c Core/Src/adc.o
                0x0000000008000af4                HAL_ADC_MspInit
 .text.LL_SYSCFG_SetEXTISource
                0x0000000008000b70       0x5c Core/Src/gpio.o
 .text.LL_GPIO_SetPinMode
                0x0000000008000bcc       0x5e Core/Src/gpio.o
 .text.LL_GPIO_SetPinPull
                0x0000000008000c2a       0x5e Core/Src/gpio.o
 .text.LL_GPIO_ResetOutputPin
                0x0000000008000c88       0x1c Core/Src/gpio.o
 .text.LL_AHB1_GRP1_EnableClock
                0x0000000008000ca4       0x30 Core/Src/gpio.o
 .text.MX_GPIO_Init
                0x0000000008000cd4       0xec Core/Src/gpio.o
                0x0000000008000cd4                MX_GPIO_Init
 .text.LL_GPIO_SetOutputPin
                0x0000000008000dc0       0x1c Core/Src/main.o
 .text.LL_GPIO_ResetOutputPin
                0x0000000008000ddc       0x1c Core/Src/main.o
 .text.test_PwmADCSimple
                0x0000000008000df8       0xec Core/Src/main.o
                0x0000000008000df8                test_PwmADCSimple
 .text.main     0x0000000008000ee4       0x22 Core/Src/main.o
                0x0000000008000ee4                main
 *fill*         0x0000000008000f06        0x2 
 .text.SystemClock_Config
                0x0000000008000f08       0xc4 Core/Src/main.o
                0x0000000008000f08                SystemClock_Config
 .text.Error_Handler
                0x0000000008000fcc        0xe Core/Src/main.o
                0x0000000008000fcc                Error_Handler
 *fill*         0x0000000008000fda        0x2 
 .text.HAL_MspInit
                0x0000000008000fdc       0x48 Core/Src/stm32f3xx_hal_msp.o
                0x0000000008000fdc                HAL_MspInit
 .text.NMI_Handler
                0x0000000008001024        0xe Core/Src/stm32f3xx_it.o
                0x0000000008001024                NMI_Handler
 .text.HardFault_Handler
                0x0000000008001032        0x6 Core/Src/stm32f3xx_it.o
                0x0000000008001032                HardFault_Handler
 .text.MemManage_Handler
                0x0000000008001038        0x6 Core/Src/stm32f3xx_it.o
                0x0000000008001038                MemManage_Handler
 .text.BusFault_Handler
                0x000000000800103e        0x6 Core/Src/stm32f3xx_it.o
                0x000000000800103e                BusFault_Handler
 .text.UsageFault_Handler
                0x0000000008001044        0x6 Core/Src/stm32f3xx_it.o
                0x0000000008001044                UsageFault_Handler
 .text.SVC_Handler
                0x000000000800104a        0xe Core/Src/stm32f3xx_it.o
                0x000000000800104a                SVC_Handler
 .text.DebugMon_Handler
                0x0000000008001058        0xe Core/Src/stm32f3xx_it.o
                0x0000000008001058                DebugMon_Handler
 .text.PendSV_Handler
                0x0000000008001066        0xe Core/Src/stm32f3xx_it.o
                0x0000000008001066                PendSV_Handler
 .text.SysTick_Handler
                0x0000000008001074        0xc Core/Src/stm32f3xx_it.o
                0x0000000008001074                SysTick_Handler
 .text.SystemInit
                0x0000000008001080       0x2c Core/Src/system_stm32f3xx.o
                0x0000000008001080                SystemInit
 .text.MX_TIM2_Init
                0x00000000080010ac       0xb4 Core/Src/tim.o
                0x00000000080010ac                MX_TIM2_Init
 .text.HAL_TIM_PWM_MspInit
                0x0000000008001160       0x3c Core/Src/tim.o
                0x0000000008001160                HAL_TIM_PWM_MspInit
 .text.HAL_TIM_MspPostInit
                0x000000000800119c       0x68 Core/Src/tim.o
                0x000000000800119c                HAL_TIM_MspPostInit
 .text.MX_USART2_UART_Init
                0x0000000008001204       0x60 Core/Src/usart.o
                0x0000000008001204                MX_USART2_UART_Init
 .text.HAL_UART_MspInit
                0x0000000008001264       0x84 Core/Src/usart.o
                0x0000000008001264                HAL_UART_MspInit
 .text.Reset_Handler
                0x00000000080012e8       0x50 Core/Startup/startup_stm32f303retx.o
                0x00000000080012e8                Reset_Handler
 .text.Default_Handler
                0x0000000008001338        0x2 Core/Startup/startup_stm32f303retx.o
                0x0000000008001338                RTC_Alarm_IRQHandler
                0x0000000008001338                TIM8_TRG_COM_IRQHandler
                0x0000000008001338                TIM8_CC_IRQHandler
                0x0000000008001338                SPI4_IRQHandler
                0x0000000008001338                TIM1_CC_IRQHandler
                0x0000000008001338                USB_HP_IRQHandler
                0x0000000008001338                PVD_IRQHandler
                0x0000000008001338                TAMP_STAMP_IRQHandler
                0x0000000008001338                EXTI3_IRQHandler
                0x0000000008001338                I2C3_ER_IRQHandler
                0x0000000008001338                USB_HP_CAN_TX_IRQHandler
                0x0000000008001338                EXTI0_IRQHandler
                0x0000000008001338                I2C2_EV_IRQHandler
                0x0000000008001338                FPU_IRQHandler
                0x0000000008001338                TIM1_UP_TIM16_IRQHandler
                0x0000000008001338                ADC1_2_IRQHandler
                0x0000000008001338                SPI1_IRQHandler
                0x0000000008001338                CAN_SCE_IRQHandler
                0x0000000008001338                TIM6_DAC_IRQHandler
                0x0000000008001338                TIM8_UP_IRQHandler
                0x0000000008001338                DMA2_Channel2_IRQHandler
                0x0000000008001338                DMA1_Channel4_IRQHandler
                0x0000000008001338                TIM20_TRG_COM_IRQHandler
                0x0000000008001338                USART3_IRQHandler
                0x0000000008001338                DMA1_Channel7_IRQHandler
                0x0000000008001338                UART5_IRQHandler
                0x0000000008001338                ADC3_IRQHandler
                0x0000000008001338                TIM4_IRQHandler
                0x0000000008001338                CAN_RX1_IRQHandler
                0x0000000008001338                DMA2_Channel1_IRQHandler
                0x0000000008001338                I2C1_EV_IRQHandler
                0x0000000008001338                DMA1_Channel6_IRQHandler
                0x0000000008001338                UART4_IRQHandler
                0x0000000008001338                DMA2_Channel4_IRQHandler
                0x0000000008001338                TIM3_IRQHandler
                0x0000000008001338                RCC_IRQHandler
                0x0000000008001338                TIM20_UP_IRQHandler
                0x0000000008001338                DMA1_Channel1_IRQHandler
                0x0000000008001338                Default_Handler
                0x0000000008001338                USBWakeUp_RMP_IRQHandler
                0x0000000008001338                EXTI15_10_IRQHandler
                0x0000000008001338                TIM7_IRQHandler
                0x0000000008001338                I2C3_EV_IRQHandler
                0x0000000008001338                EXTI9_5_IRQHandler
                0x0000000008001338                RTC_WKUP_IRQHandler
                0x0000000008001338                SPI2_IRQHandler
                0x0000000008001338                USB_LP_CAN_RX0_IRQHandler
                0x0000000008001338                DMA2_Channel5_IRQHandler
                0x0000000008001338                DMA1_Channel5_IRQHandler
                0x0000000008001338                USB_LP_IRQHandler
                0x0000000008001338                EXTI4_IRQHandler
                0x0000000008001338                TIM1_TRG_COM_TIM17_IRQHandler
                0x0000000008001338                DMA1_Channel3_IRQHandler
                0x0000000008001338                ADC4_IRQHandler
                0x0000000008001338                WWDG_IRQHandler
                0x0000000008001338                TIM2_IRQHandler
                0x0000000008001338                COMP7_IRQHandler
                0x0000000008001338                COMP1_2_3_IRQHandler
                0x0000000008001338                EXTI1_IRQHandler
                0x0000000008001338                USART2_IRQHandler
                0x0000000008001338                COMP4_5_6_IRQHandler
                0x0000000008001338                TIM20_BRK_IRQHandler
                0x0000000008001338                I2C2_ER_IRQHandler
                0x0000000008001338                DMA1_Channel2_IRQHandler
                0x0000000008001338                TIM8_BRK_IRQHandler
                0x0000000008001338                FLASH_IRQHandler
                0x0000000008001338                TIM20_CC_IRQHandler
                0x0000000008001338                USART1_IRQHandler
                0x0000000008001338                SPI3_IRQHandler
                0x0000000008001338                I2C1_ER_IRQHandler
                0x0000000008001338                FMC_IRQHandler
                0x0000000008001338                USBWakeUp_IRQHandler
                0x0000000008001338                DMA2_Channel3_IRQHandler
                0x0000000008001338                EXTI2_TSC_IRQHandler
                0x0000000008001338                TIM1_BRK_TIM15_IRQHandler
 *fill*         0x000000000800133a        0x2 
 .text.HAL_Init
                0x000000000800133c       0x2c Drivers/STM32F3xx_HAL_Driver/Src/stm32f3xx_hal.o
                0x000000000800133c                HAL_Init
 .text.HAL_InitTick
                0x0000000008001368       0x60 Drivers/STM32F3xx_HAL_Driver/Src/stm32f3xx_hal.o
                0x0000000008001368                HAL_InitTick
 .text.HAL_IncTick
                0x00000000080013c8       0x28 Drivers/STM32F3xx_HAL_Driver/Src/stm32f3xx_hal.o
                0x00000000080013c8                HAL_IncTick
 .text.HAL_GetTick
                0x00000000080013f0       0x18 Drivers/STM32F3xx_HAL_Driver/Src/stm32f3xx_hal.o
                0x00000000080013f0                HAL_GetTick
 .text.HAL_ADC_Init
                0x0000000008001408      0x3f4 Drivers/STM32F3xx_HAL_Driver/Src/stm32f3xx_hal_adc_ex.o
                0x0000000008001408                HAL_ADC_Init
 .text.HAL_ADC_Start
                0x00000000080017fc      0x22c Drivers/STM32F3xx_HAL_Driver/Src/stm32f3xx_hal_adc_ex.o
                0x00000000080017fc                HAL_ADC_Start
 .text.HAL_ADC_PollForConversion
                0x0000000008001a28      0x1f4 Drivers/STM32F3xx_HAL_Driver/Src/stm32f3xx_hal_adc_ex.o
                0x0000000008001a28                HAL_ADC_PollForConversion
 .text.HAL_ADC_GetValue
                0x0000000008001c1c       0x1a Drivers/STM32F3xx_HAL_Driver/Src/stm32f3xx_hal_adc_ex.o
                0x0000000008001c1c                HAL_ADC_GetValue
 .text.HAL_ADCEx_Calibration_Start
                0x0000000008001c36       0xd4 Drivers/STM32F3xx_HAL_Driver/Src/stm32f3xx_hal_adc_ex.o
                0x0000000008001c36                HAL_ADCEx_Calibration_Start
 *fill*         0x0000000008001d0a        0x2 
 .text.HAL_ADC_ConfigChannel
                0x0000000008001d0c      0x5d8 Drivers/STM32F3xx_HAL_Driver/Src/stm32f3xx_hal_adc_ex.o
                0x0000000008001d0c                HAL_ADC_ConfigChannel
 .text.ADC_Enable
                0x00000000080022e4       0xbc Drivers/STM32F3xx_HAL_Driver/Src/stm32f3xx_hal_adc_ex.o
 .text.ADC_Disable
                0x00000000080023a0       0xbe Drivers/STM32F3xx_HAL_Driver/Src/stm32f3xx_hal_adc_ex.o
 *fill*         0x000000000800245e        0x2 
 .text.__NVIC_SetPriorityGrouping
                0x0000000008002460       0x48 Drivers/STM32F3xx_HAL_Driver/Src/stm32f3xx_hal_cortex.o
 .text.__NVIC_GetPriorityGrouping
                0x00000000080024a8       0x1c Drivers/STM32F3xx_HAL_Driver/Src/stm32f3xx_hal_cortex.o
 .text.__NVIC_SetPriority
                0x00000000080024c4       0x54 Drivers/STM32F3xx_HAL_Driver/Src/stm32f3xx_hal_cortex.o
 .text.NVIC_EncodePriority
                0x0000000008002518       0x66 Drivers/STM32F3xx_HAL_Driver/Src/stm32f3xx_hal_cortex.o
 *fill*         0x000000000800257e        0x2 
 .text.SysTick_Config
                0x0000000008002580       0x44 Drivers/STM32F3xx_HAL_Driver/Src/stm32f3xx_hal_cortex.o
 .text.HAL_NVIC_SetPriorityGrouping
                0x00000000080025c4       0x16 Drivers/STM32F3xx_HAL_Driver/Src/stm32f3xx_hal_cortex.o
                0x00000000080025c4                HAL_NVIC_SetPriorityGrouping
 .text.HAL_NVIC_SetPriority
                0x00000000080025da       0x38 Drivers/STM32F3xx_HAL_Driver/Src/stm32f3xx_hal_cortex.o
                0x00000000080025da                HAL_NVIC_SetPriority
 .text.HAL_SYSTICK_Config
                0x0000000008002612       0x18 Drivers/STM32F3xx_HAL_Driver/Src/stm32f3xx_hal_cortex.o
                0x0000000008002612                HAL_SYSTICK_Config
 *fill*         0x000000000800262a        0x2 
 .text.HAL_GPIO_Init
                0x000000000800262c      0x314 Drivers/STM32F3xx_HAL_Driver/Src/stm32f3xx_hal_gpio.o
                0x000000000800262c                HAL_GPIO_Init
 .text.HAL_RCC_OscConfig
                0x0000000008002940      0xe2c Drivers/STM32F3xx_HAL_Driver/Src/stm32f3xx_hal_rcc.o
                0x0000000008002940                HAL_RCC_OscConfig
 .text.HAL_RCC_ClockConfig
                0x000000000800376c      0x2f8 Drivers/STM32F3xx_HAL_Driver/Src/stm32f3xx_hal_rcc.o
                0x000000000800376c                HAL_RCC_ClockConfig
 .text.HAL_RCC_GetSysClockFreq
                0x0000000008003a64       0xd4 Drivers/STM32F3xx_HAL_Driver/Src/stm32f3xx_hal_rcc.o
                0x0000000008003a64                HAL_RCC_GetSysClockFreq
 .text.HAL_RCC_GetHCLKFreq
                0x0000000008003b38       0x18 Drivers/STM32F3xx_HAL_Driver/Src/stm32f3xx_hal_rcc.o
                0x0000000008003b38                HAL_RCC_GetHCLKFreq
 .text.HAL_RCC_GetPCLK1Freq
                0x0000000008003b50       0x44 Drivers/STM32F3xx_HAL_Driver/Src/stm32f3xx_hal_rcc.o
                0x0000000008003b50                HAL_RCC_GetPCLK1Freq
 .text.HAL_RCC_GetPCLK2Freq
                0x0000000008003b94       0x44 Drivers/STM32F3xx_HAL_Driver/Src/stm32f3xx_hal_rcc.o
                0x0000000008003b94                HAL_RCC_GetPCLK2Freq
 .text.HAL_RCCEx_PeriphCLKConfig
                0x0000000008003bd8      0x43c Drivers/STM32F3xx_HAL_Driver/Src/stm32f3xx_hal_rcc_ex.o
                0x0000000008003bd8                HAL_RCCEx_PeriphCLKConfig
 .text.HAL_TIM_PWM_Init
                0x0000000008004014       0x56 Drivers/STM32F3xx_HAL_Driver/Src/stm32f3xx_hal_tim.o
                0x0000000008004014                HAL_TIM_PWM_Init
 *fill*         0x000000000800406a        0x2 
 .text.HAL_TIM_PWM_Start
                0x000000000800406c       0xc0 Drivers/STM32F3xx_HAL_Driver/Src/stm32f3xx_hal_tim.o
                0x000000000800406c                HAL_TIM_PWM_Start
 .text.HAL_TIM_PWM_ConfigChannel
                0x000000000800412c      0x230 Drivers/STM32F3xx_HAL_Driver/Src/stm32f3xx_hal_tim.o
                0x000000000800412c                HAL_TIM_PWM_ConfigChannel
 .text.TIM_Base_SetConfig
                0x000000000800435c      0x13c Drivers/STM32F3xx_HAL_Driver/Src/stm32f3xx_hal_tim.o
                0x000000000800435c                TIM_Base_SetConfig
 .text.TIM_OC1_SetConfig
                0x0000000008004498      0x134 Drivers/STM32F3xx_HAL_Driver/Src/stm32f3xx_hal_tim.o
 .text.TIM_OC2_SetConfig
                0x00000000080045cc      0x128 Drivers/STM32F3xx_HAL_Driver/Src/stm32f3xx_hal_tim.o
                0x00000000080045cc                TIM_OC2_SetConfig
 .text.TIM_OC3_SetConfig
                0x00000000080046f4      0x124 Drivers/STM32F3xx_HAL_Driver/Src/stm32f3xx_hal_tim.o
 .text.TIM_OC4_SetConfig
                0x0000000008004818       0xe0 Drivers/STM32F3xx_HAL_Driver/Src/stm32f3xx_hal_tim.o
 .text.TIM_OC5_SetConfig
                0x00000000080048f8       0xd4 Drivers/STM32F3xx_HAL_Driver/Src/stm32f3xx_hal_tim.o
 .text.TIM_OC6_SetConfig
                0x00000000080049cc       0xd8 Drivers/STM32F3xx_HAL_Driver/Src/stm32f3xx_hal_tim.o
 .text.TIM_CCxChannelCmd
                0x0000000008004aa4       0x4a Drivers/STM32F3xx_HAL_Driver/Src/stm32f3xx_hal_tim.o
                0x0000000008004aa4                TIM_CCxChannelCmd
 *fill*         0x0000000008004aee        0x2 
 .text.HAL_TIMEx_MasterConfigSynchronization
                0x0000000008004af0      0x118 Drivers/STM32F3xx_HAL_Driver/Src/stm32f3xx_hal_tim_ex.o
                0x0000000008004af0                HAL_TIMEx_MasterConfigSynchronization
 .text.HAL_UART_Init
                0x0000000008004c08       0x9c Drivers/STM32F3xx_HAL_Driver/Src/stm32f3xx_hal_uart.o
                0x0000000008004c08                HAL_UART_Init
 .text.HAL_UART_Transmit
                0x0000000008004ca4      0x126 Drivers/STM32F3xx_HAL_Driver/Src/stm32f3xx_hal_uart.o
                0x0000000008004ca4                HAL_UART_Transmit
 *fill*         0x0000000008004dca        0x2 
 .text.UART_SetConfig
                0x0000000008004dcc      0x434 Drivers/STM32F3xx_HAL_Driver/Src/stm32f3xx_hal_uart.o
                0x0000000008004dcc                UART_SetConfig
 .text.UART_AdvFeatureConfig
                0x0000000008005200      0x144 Drivers/STM32F3xx_HAL_Driver/Src/stm32f3xx_hal_uart.o
                0x0000000008005200                UART_AdvFeatureConfig
 .text.UART_CheckIdleState
                0x0000000008005344       0x8a Drivers/STM32F3xx_HAL_Driver/Src/stm32f3xx_hal_uart.o
                0x0000000008005344                UART_CheckIdleState
 .text.UART_WaitOnFlagUntilTimeout
                0x00000000080053ce       0xf6 Drivers/STM32F3xx_HAL_Driver/Src/stm32f3xx_hal_uart.o
                0x00000000080053ce                UART_WaitOnFlagUntilTimeout
 .text.LL_EXTI_EnableIT_0_31
                0x00000000080054c4       0x24 Drivers/STM32F3xx_HAL_Driver/Src/stm32f3xx_ll_exti.o
 .text.LL_EXTI_EnableIT_32_63
                0x00000000080054e8       0x24 Drivers/STM32F3xx_HAL_Driver/Src/stm32f3xx_ll_exti.o
 .text.LL_EXTI_DisableIT_0_31
                0x000000000800550c       0x28 Drivers/STM32F3xx_HAL_Driver/Src/stm32f3xx_ll_exti.o
 .text.LL_EXTI_DisableIT_32_63
                0x0000000008005534       0x28 Drivers/STM32F3xx_HAL_Driver/Src/stm32f3xx_ll_exti.o
 .text.LL_EXTI_EnableEvent_0_31
                0x000000000800555c       0x24 Drivers/STM32F3xx_HAL_Driver/Src/stm32f3xx_ll_exti.o
 .text.LL_EXTI_EnableEvent_32_63
                0x0000000008005580       0x24 Drivers/STM32F3xx_HAL_Driver/Src/stm32f3xx_ll_exti.o
 .text.LL_EXTI_DisableEvent_0_31
                0x00000000080055a4       0x28 Drivers/STM32F3xx_HAL_Driver/Src/stm32f3xx_ll_exti.o
 .text.LL_EXTI_DisableEvent_32_63
                0x00000000080055cc       0x28 Drivers/STM32F3xx_HAL_Driver/Src/stm32f3xx_ll_exti.o
 .text.LL_EXTI_EnableRisingTrig_0_31
                0x00000000080055f4       0x24 Drivers/STM32F3xx_HAL_Driver/Src/stm32f3xx_ll_exti.o
 .text.LL_EXTI_EnableRisingTrig_32_63
                0x0000000008005618       0x24 Drivers/STM32F3xx_HAL_Driver/Src/stm32f3xx_ll_exti.o
 .text.LL_EXTI_DisableRisingTrig_0_31
                0x000000000800563c       0x28 Drivers/STM32F3xx_HAL_Driver/Src/stm32f3xx_ll_exti.o
 .text.LL_EXTI_DisableRisingTrig_32_63
                0x0000000008005664       0x28 Drivers/STM32F3xx_HAL_Driver/Src/stm32f3xx_ll_exti.o
 .text.LL_EXTI_EnableFallingTrig_0_31
                0x000000000800568c       0x24 Drivers/STM32F3xx_HAL_Driver/Src/stm32f3xx_ll_exti.o
 .text.LL_EXTI_EnableFallingTrig_32_63
                0x00000000080056b0       0x24 Drivers/STM32F3xx_HAL_Driver/Src/stm32f3xx_ll_exti.o
 .text.LL_EXTI_DisableFallingTrig_0_31
                0x00000000080056d4       0x28 Drivers/STM32F3xx_HAL_Driver/Src/stm32f3xx_ll_exti.o
 .text.LL_EXTI_DisableFallingTrig_32_63
                0x00000000080056fc       0x28 Drivers/STM32F3xx_HAL_Driver/Src/stm32f3xx_ll_exti.o
 .text.LL_EXTI_Init
                0x0000000008005724      0x1d0 Drivers/STM32F3xx_HAL_Driver/Src/stm32f3xx_ll_exti.o
                0x0000000008005724                LL_EXTI_Init
 .text.LL_GPIO_SetPinMode
                0x00000000080058f4       0x5e Drivers/STM32F3xx_HAL_Driver/Src/stm32f3xx_ll_gpio.o
 .text.LL_GPIO_SetPinOutputType
                0x0000000008005952       0x30 Drivers/STM32F3xx_HAL_Driver/Src/stm32f3xx_ll_gpio.o
 .text.LL_GPIO_SetPinSpeed
                0x0000000008005982       0x5e Drivers/STM32F3xx_HAL_Driver/Src/stm32f3xx_ll_gpio.o
 .text.LL_GPIO_SetPinPull
                0x00000000080059e0       0x5e Drivers/STM32F3xx_HAL_Driver/Src/stm32f3xx_ll_gpio.o
 .text.LL_GPIO_SetAFPin_0_7
                0x0000000008005a3e       0x5e Drivers/STM32F3xx_HAL_Driver/Src/stm32f3xx_ll_gpio.o
 .text.LL_GPIO_SetAFPin_8_15
                0x0000000008005a9c       0x62 Drivers/STM32F3xx_HAL_Driver/Src/stm32f3xx_ll_gpio.o
 .text.LL_GPIO_Init
                0x0000000008005afe       0xf0 Drivers/STM32F3xx_HAL_Driver/Src/stm32f3xx_ll_gpio.o
                0x0000000008005afe                LL_GPIO_Init
 *fill*         0x0000000008005bee        0x2 
 .text.__libc_init_array
                0x0000000008005bf0       0x48 /opt/st/stm32cubeide_1.1.0/plugins/com.st.stm32cube.ide.mcu.externaltools.gnu-tools-for-stm32.7-2018-q2-update.linux64_1.0.0.201904181610/tools/bin/../lib/gcc/arm-none-eabi/7.3.1/../../../../arm-none-eabi/lib/thumb/v7e-m/fpv4-sp/hard/libc_nano.a(lib_a-init.o)
                0x0000000008005bf0                __libc_init_array
 .text.memset   0x0000000008005c38       0x10 /opt/st/stm32cubeide_1.1.0/plugins/com.st.stm32cube.ide.mcu.externaltools.gnu-tools-for-stm32.7-2018-q2-update.linux64_1.0.0.201904181610/tools/bin/../lib/gcc/arm-none-eabi/7.3.1/../../../../arm-none-eabi/lib/thumb/v7e-m/fpv4-sp/hard/libc_nano.a(lib_a-memset.o)
                0x0000000008005c38                memset
 *(.glue_7)
 .glue_7        0x0000000008005c48        0x0 linker stubs
 *(.glue_7t)
 .glue_7t       0x0000000008005c48        0x0 linker stubs
 *(.eh_frame)
 .eh_frame      0x0000000008005c48        0x0 /opt/st/stm32cubeide_1.1.0/plugins/com.st.stm32cube.ide.mcu.externaltools.gnu-tools-for-stm32.7-2018-q2-update.linux64_1.0.0.201904181610/tools/bin/../lib/gcc/arm-none-eabi/7.3.1/thumb/v7e-m/fpv4-sp/hard/crtbegin.o
 *(.init)
 .init          0x0000000008005c48        0x4 /opt/st/stm32cubeide_1.1.0/plugins/com.st.stm32cube.ide.mcu.externaltools.gnu-tools-for-stm32.7-2018-q2-update.linux64_1.0.0.201904181610/tools/bin/../lib/gcc/arm-none-eabi/7.3.1/thumb/v7e-m/fpv4-sp/hard/crti.o
                0x0000000008005c48                _init
 .init          0x0000000008005c4c        0x8 /opt/st/stm32cubeide_1.1.0/plugins/com.st.stm32cube.ide.mcu.externaltools.gnu-tools-for-stm32.7-2018-q2-update.linux64_1.0.0.201904181610/tools/bin/../lib/gcc/arm-none-eabi/7.3.1/thumb/v7e-m/fpv4-sp/hard/crtn.o
 *(.fini)
 .fini          0x0000000008005c54        0x4 /opt/st/stm32cubeide_1.1.0/plugins/com.st.stm32cube.ide.mcu.externaltools.gnu-tools-for-stm32.7-2018-q2-update.linux64_1.0.0.201904181610/tools/bin/../lib/gcc/arm-none-eabi/7.3.1/thumb/v7e-m/fpv4-sp/hard/crti.o
                0x0000000008005c54                _fini
 .fini          0x0000000008005c58        0x8 /opt/st/stm32cubeide_1.1.0/plugins/com.st.stm32cube.ide.mcu.externaltools.gnu-tools-for-stm32.7-2018-q2-update.linux64_1.0.0.201904181610/tools/bin/../lib/gcc/arm-none-eabi/7.3.1/thumb/v7e-m/fpv4-sp/hard/crtn.o
                0x0000000008005c60                . = ALIGN (0x4)
                0x0000000008005c60                _etext = .

.vfp11_veneer   0x0000000008005c60        0x0
 .vfp11_veneer  0x0000000008005c60        0x0 linker stubs

.v4_bx          0x0000000008005c60        0x0
 .v4_bx         0x0000000008005c60        0x0 linker stubs

.iplt           0x0000000008005c60        0x0
 .iplt          0x0000000008005c60        0x0 /opt/st/stm32cubeide_1.1.0/plugins/com.st.stm32cube.ide.mcu.externaltools.gnu-tools-for-stm32.7-2018-q2-update.linux64_1.0.0.201904181610/tools/bin/../lib/gcc/arm-none-eabi/7.3.1/thumb/v7e-m/fpv4-sp/hard/crtbegin.o

.rodata         0x0000000008005c60       0x38
                0x0000000008005c60                . = ALIGN (0x4)
 *(.rodata)
 *(.rodata*)
 .rodata.AHBPrescTable
                0x0000000008005c60       0x10 Core/Src/system_stm32f3xx.o
                0x0000000008005c60                AHBPrescTable
 .rodata.APBPrescTable
                0x0000000008005c70        0x8 Core/Src/system_stm32f3xx.o
                0x0000000008005c70                APBPrescTable
 .rodata.aPLLMULFactorTable
                0x0000000008005c78       0x10 Drivers/STM32F3xx_HAL_Driver/Src/stm32f3xx_hal_rcc.o
                0x0000000008005c78                aPLLMULFactorTable
 .rodata.aPredivFactorTable
                0x0000000008005c88       0x10 Drivers/STM32F3xx_HAL_Driver/Src/stm32f3xx_hal_rcc.o
                0x0000000008005c88                aPredivFactorTable
                0x0000000008005c98                . = ALIGN (0x4)

.rel.dyn        0x0000000008005c98        0x0
 .rel.iplt      0x0000000008005c98        0x0 /opt/st/stm32cubeide_1.1.0/plugins/com.st.stm32cube.ide.mcu.externaltools.gnu-tools-for-stm32.7-2018-q2-update.linux64_1.0.0.201904181610/tools/bin/../lib/gcc/arm-none-eabi/7.3.1/thumb/v7e-m/fpv4-sp/hard/crtbegin.o

.ARM.extab      0x0000000008005c98        0x0
                0x0000000008005c98                . = ALIGN (0x4)
 *(.ARM.extab* .gnu.linkonce.armextab.*)
                0x0000000008005c98                . = ALIGN (0x4)

.ARM            0x0000000008005c98        0x0
                0x0000000008005c98                . = ALIGN (0x4)
                0x0000000008005c98                __exidx_start = .
 *(.ARM.exidx*)
                0x0000000008005c98                __exidx_end = .
                0x0000000008005c98                . = ALIGN (0x4)

.preinit_array  0x0000000008005c98        0x0
                0x0000000008005c98                . = ALIGN (0x4)
                0x0000000008005c98                PROVIDE (__preinit_array_start = .)
 *(.preinit_array*)
                0x0000000008005c98                PROVIDE (__preinit_array_end = .)
                0x0000000008005c98                . = ALIGN (0x4)

.init_array     0x0000000008005c98        0x4
                0x0000000008005c98                . = ALIGN (0x4)
                0x0000000008005c98                PROVIDE (__init_array_start = .)
 *(SORT_BY_NAME(.init_array.*))
 *(.init_array*)
 .init_array    0x0000000008005c98        0x4 /opt/st/stm32cubeide_1.1.0/plugins/com.st.stm32cube.ide.mcu.externaltools.gnu-tools-for-stm32.7-2018-q2-update.linux64_1.0.0.201904181610/tools/bin/../lib/gcc/arm-none-eabi/7.3.1/thumb/v7e-m/fpv4-sp/hard/crtbegin.o
                0x0000000008005c9c                PROVIDE (__init_array_end = .)
                0x0000000008005c9c                . = ALIGN (0x4)

.fini_array     0x0000000008005c9c        0x4
                0x0000000008005c9c                . = ALIGN (0x4)
                [!provide]                        PROVIDE (__fini_array_start = .)
 *(SORT_BY_NAME(.fini_array.*))
 *(.fini_array*)
 .fini_array    0x0000000008005c9c        0x4 /opt/st/stm32cubeide_1.1.0/plugins/com.st.stm32cube.ide.mcu.externaltools.gnu-tools-for-stm32.7-2018-q2-update.linux64_1.0.0.201904181610/tools/bin/../lib/gcc/arm-none-eabi/7.3.1/thumb/v7e-m/fpv4-sp/hard/crtbegin.o
                [!provide]                        PROVIDE (__fini_array_end = .)
                0x0000000008005ca0                . = ALIGN (0x4)
                0x0000000008005ca0                _sidata = LOADADDR (.data)

.data           0x0000000020000000        0xc load address 0x0000000008005ca0
                0x0000000020000000                . = ALIGN (0x4)
                0x0000000020000000                _sdata = .
 *(.data)
 *(.data*)
 .data.SystemCoreClock
                0x0000000020000000        0x4 Core/Src/system_stm32f3xx.o
                0x0000000020000000                SystemCoreClock
 .data.uwTickPrio
                0x0000000020000004        0x4 Drivers/STM32F3xx_HAL_Driver/Src/stm32f3xx_hal.o
                0x0000000020000004                uwTickPrio
 .data.uwTickFreq
                0x0000000020000008        0x1 Drivers/STM32F3xx_HAL_Driver/Src/stm32f3xx_hal.o
                0x0000000020000008                uwTickFreq
                0x000000002000000c                . = ALIGN (0x4)
 *fill*         0x0000000020000009        0x3 
                0x000000002000000c                _edata = .

.igot.plt       0x000000002000000c        0x0 load address 0x0000000008005cac
 .igot.plt      0x000000002000000c        0x0 /opt/st/stm32cubeide_1.1.0/plugins/com.st.stm32cube.ide.mcu.externaltools.gnu-tools-for-stm32.7-2018-q2-update.linux64_1.0.0.201904181610/tools/bin/../lib/gcc/arm-none-eabi/7.3.1/thumb/v7e-m/fpv4-sp/hard/crtbegin.o
                0x000000002000000c                . = ALIGN (0x4)

.bss            0x000000002000000c     0x10d4 load address 0x0000000008005cac
                0x000000002000000c                _sbss = .
                0x000000002000000c                __bss_start__ = _sbss
 *(.bss)
 .bss           0x000000002000000c       0x1c /opt/st/stm32cubeide_1.1.0/plugins/com.st.stm32cube.ide.mcu.externaltools.gnu-tools-for-stm32.7-2018-q2-update.linux64_1.0.0.201904181610/tools/bin/../lib/gcc/arm-none-eabi/7.3.1/thumb/v7e-m/fpv4-sp/hard/crtbegin.o
 *(.bss*)
 .bss.adcValue  0x0000000020000028        0x2 Core/Src/main.o
                0x0000000020000028                adcValue
 *(COMMON)
 *fill*         0x000000002000002a        0x2 
 COMMON         0x000000002000002c       0x50 Core/Src/adc.o
                0x000000002000002c                hadc2
 COMMON         0x000000002000007c      0xfa0 Core/Src/main.o
                0x000000002000007c                mA_Array
 COMMON         0x000000002000101c       0x40 Core/Src/tim.o
                0x000000002000101c                htim2
 COMMON         0x000000002000105c       0x80 Core/Src/usart.o
                0x000000002000105c                huart2
 COMMON         0x00000000200010dc        0x4 Drivers/STM32F3xx_HAL_Driver/Src/stm32f3xx_hal.o
                0x00000000200010dc                uwTick
                0x00000000200010e0                . = ALIGN (0x4)
                0x00000000200010e0                _ebss = .
                0x00000000200010e0                __bss_end__ = _ebss

._user_heap_stack
                0x00000000200010e0      0x600 load address 0x0000000008005cac
                0x00000000200010e0                . = ALIGN (0x8)
                0x00000000200010e0                PROVIDE (end = .)
                [!provide]                        PROVIDE (_end = .)
                0x00000000200012e0                . = (. + _Min_Heap_Size)
 *fill*         0x00000000200010e0      0x200 
                0x00000000200016e0                . = (. + _Min_Stack_Size)
 *fill*         0x00000000200012e0      0x400 
                0x00000000200016e0                . = ALIGN (0x8)

/DISCARD/
 libc.a(*)
 libm.a(*)
 libgcc.a(*)

.ARM.attributes
                0x0000000000000000       0x30
 *(.ARM.attributes)
 .ARM.attributes
                0x0000000000000000       0x22 /opt/st/stm32cubeide_1.1.0/plugins/com.st.stm32cube.ide.mcu.externaltools.gnu-tools-for-stm32.7-2018-q2-update.linux64_1.0.0.201904181610/tools/bin/../lib/gcc/arm-none-eabi/7.3.1/thumb/v7e-m/fpv4-sp/hard/crti.o
 .ARM.attributes
                0x0000000000000022       0x34 /opt/st/stm32cubeide_1.1.0/plugins/com.st.stm32cube.ide.mcu.externaltools.gnu-tools-for-stm32.7-2018-q2-update.linux64_1.0.0.201904181610/tools/bin/../lib/gcc/arm-none-eabi/7.3.1/thumb/v7e-m/fpv4-sp/hard/crtbegin.o
 .ARM.attributes
                0x0000000000000056       0x39 Com/com.o
 .ARM.attributes
                0x000000000000008f       0x39 Core/Src/adc.o
 .ARM.attributes
                0x00000000000000c8       0x39 Core/Src/gpio.o
 .ARM.attributes
                0x0000000000000101       0x39 Core/Src/main.o
 .ARM.attributes
                0x000000000000013a       0x39 Core/Src/stm32f3xx_hal_msp.o
 .ARM.attributes
                0x0000000000000173       0x39 Core/Src/stm32f3xx_it.o
 .ARM.attributes
                0x00000000000001ac       0x39 Core/Src/system_stm32f3xx.o
 .ARM.attributes
                0x00000000000001e5       0x39 Core/Src/tim.o
 .ARM.attributes
                0x000000000000021e       0x39 Core/Src/usart.o
 .ARM.attributes
                0x0000000000000257       0x21 Core/Startup/startup_stm32f303retx.o
 .ARM.attributes
                0x0000000000000278       0x39 Drivers/STM32F3xx_HAL_Driver/Src/stm32f3xx_hal.o
 .ARM.attributes
                0x00000000000002b1       0x39 Drivers/STM32F3xx_HAL_Driver/Src/stm32f3xx_hal_adc_ex.o
 .ARM.attributes
                0x00000000000002ea       0x39 Drivers/STM32F3xx_HAL_Driver/Src/stm32f3xx_hal_cortex.o
 .ARM.attributes
                0x0000000000000323       0x39 Drivers/STM32F3xx_HAL_Driver/Src/stm32f3xx_hal_gpio.o
 .ARM.attributes
                0x000000000000035c       0x39 Drivers/STM32F3xx_HAL_Driver/Src/stm32f3xx_hal_rcc.o
 .ARM.attributes
                0x0000000000000395       0x39 Drivers/STM32F3xx_HAL_Driver/Src/stm32f3xx_hal_rcc_ex.o
 .ARM.attributes
                0x00000000000003ce       0x39 Drivers/STM32F3xx_HAL_Driver/Src/stm32f3xx_hal_tim.o
 .ARM.attributes
                0x0000000000000407       0x39 Drivers/STM32F3xx_HAL_Driver/Src/stm32f3xx_hal_tim_ex.o
 .ARM.attributes
                0x0000000000000440       0x39 Drivers/STM32F3xx_HAL_Driver/Src/stm32f3xx_hal_uart.o
 .ARM.attributes
                0x0000000000000479       0x39 Drivers/STM32F3xx_HAL_Driver/Src/stm32f3xx_ll_exti.o
 .ARM.attributes
                0x00000000000004b2       0x39 Drivers/STM32F3xx_HAL_Driver/Src/stm32f3xx_ll_gpio.o
 .ARM.attributes
                0x00000000000004eb       0x34 /opt/st/stm32cubeide_1.1.0/plugins/com.st.stm32cube.ide.mcu.externaltools.gnu-tools-for-stm32.7-2018-q2-update.linux64_1.0.0.201904181610/tools/bin/../lib/gcc/arm-none-eabi/7.3.1/../../../../arm-none-eabi/lib/thumb/v7e-m/fpv4-sp/hard/libc_nano.a(lib_a-init.o)
 .ARM.attributes
                0x000000000000051f       0x34 /opt/st/stm32cubeide_1.1.0/plugins/com.st.stm32cube.ide.mcu.externaltools.gnu-tools-for-stm32.7-2018-q2-update.linux64_1.0.0.201904181610/tools/bin/../lib/gcc/arm-none-eabi/7.3.1/../../../../arm-none-eabi/lib/thumb/v7e-m/fpv4-sp/hard/libc_nano.a(lib_a-memset.o)
 .ARM.attributes
                0x0000000000000553       0x22 /opt/st/stm32cubeide_1.1.0/plugins/com.st.stm32cube.ide.mcu.externaltools.gnu-tools-for-stm32.7-2018-q2-update.linux64_1.0.0.201904181610/tools/bin/../lib/gcc/arm-none-eabi/7.3.1/thumb/v7e-m/fpv4-sp/hard/libgcc.a(_arm_addsubdf3.o)
 .ARM.attributes
                0x0000000000000575       0x22 /opt/st/stm32cubeide_1.1.0/plugins/com.st.stm32cube.ide.mcu.externaltools.gnu-tools-for-stm32.7-2018-q2-update.linux64_1.0.0.201904181610/tools/bin/../lib/gcc/arm-none-eabi/7.3.1/thumb/v7e-m/fpv4-sp/hard/libgcc.a(_arm_muldivdf3.o)
 .ARM.attributes
                0x0000000000000597       0x22 /opt/st/stm32cubeide_1.1.0/plugins/com.st.stm32cube.ide.mcu.externaltools.gnu-tools-for-stm32.7-2018-q2-update.linux64_1.0.0.201904181610/tools/bin/../lib/gcc/arm-none-eabi/7.3.1/thumb/v7e-m/fpv4-sp/hard/libgcc.a(_arm_truncdfsf2.o)
 .ARM.attributes
                0x00000000000005b9       0x22 /opt/st/stm32cubeide_1.1.0/plugins/com.st.stm32cube.ide.mcu.externaltools.gnu-tools-for-stm32.7-2018-q2-update.linux64_1.0.0.201904181610/tools/bin/../lib/gcc/arm-none-eabi/7.3.1/thumb/v7e-m/fpv4-sp/hard/crtn.o
OUTPUT(dcmotorsimple.elf elf32-littlearm)

.debug_info     0x0000000000000000     0xf3de
 .debug_info    0x0000000000000000      0x72b Com/com.o
 .debug_info    0x000000000000072b      0xa21 Core/Src/adc.o
 .debug_info    0x000000000000114c      0x74f Core/Src/gpio.o
 .debug_info    0x000000000000189b     0x1117 Core/Src/main.o
 .debug_info    0x00000000000029b2      0x29e Core/Src/stm32f3xx_hal_msp.o
 .debug_info    0x0000000000002c50      0x233 Core/Src/stm32f3xx_it.o
 .debug_info    0x0000000000002e83      0x45c Core/Src/system_stm32f3xx.o
 .debug_info    0x00000000000032df      0x9d7 Core/Src/tim.o
 .debug_info    0x0000000000003cb6      0x93c Core/Src/usart.o
 .debug_info    0x00000000000045f2       0x22 Core/Startup/startup_stm32f303retx.o
 .debug_info    0x0000000000004614      0x812 Drivers/STM32F3xx_HAL_Driver/Src/stm32f3xx_hal.o
 .debug_info    0x0000000000004e26     0x1571 Drivers/STM32F3xx_HAL_Driver/Src/stm32f3xx_hal_adc_ex.o
 .debug_info    0x0000000000006397      0xdc9 Drivers/STM32F3xx_HAL_Driver/Src/stm32f3xx_hal_cortex.o
 .debug_info    0x0000000000007160      0x7b2 Drivers/STM32F3xx_HAL_Driver/Src/stm32f3xx_hal_gpio.o
 .debug_info    0x0000000000007912     0x181f Drivers/STM32F3xx_HAL_Driver/Src/stm32f3xx_hal_rcc.o
 .debug_info    0x0000000000009131      0x712 Drivers/STM32F3xx_HAL_Driver/Src/stm32f3xx_hal_rcc_ex.o
 .debug_info    0x0000000000009843     0x2648 Drivers/STM32F3xx_HAL_Driver/Src/stm32f3xx_hal_tim.o
 .debug_info    0x000000000000be8b     0x11d7 Drivers/STM32F3xx_HAL_Driver/Src/stm32f3xx_hal_tim_ex.o
 .debug_info    0x000000000000d062     0x1592 Drivers/STM32F3xx_HAL_Driver/Src/stm32f3xx_hal_uart.o
 .debug_info    0x000000000000e5f4      0x5ac Drivers/STM32F3xx_HAL_Driver/Src/stm32f3xx_ll_exti.o
 .debug_info    0x000000000000eba0      0x83e Drivers/STM32F3xx_HAL_Driver/Src/stm32f3xx_ll_gpio.o

.debug_abbrev   0x0000000000000000     0x249c
 .debug_abbrev  0x0000000000000000      0x15e Com/com.o
 .debug_abbrev  0x000000000000015e      0x199 Core/Src/adc.o
 .debug_abbrev  0x00000000000002f7      0x1d6 Core/Src/gpio.o
 .debug_abbrev  0x00000000000004cd      0x214 Core/Src/main.o
 .debug_abbrev  0x00000000000006e1      0x109 Core/Src/stm32f3xx_hal_msp.o
 .debug_abbrev  0x00000000000007ea       0xd5 Core/Src/stm32f3xx_it.o
 .debug_abbrev  0x00000000000008bf      0x12b Core/Src/system_stm32f3xx.o
 .debug_abbrev  0x00000000000009ea      0x1b9 Core/Src/tim.o
 .debug_abbrev  0x0000000000000ba3      0x199 Core/Src/usart.o
 .debug_abbrev  0x0000000000000d3c       0x12 Core/Startup/startup_stm32f303retx.o
 .debug_abbrev  0x0000000000000d4e      0x1c7 Drivers/STM32F3xx_HAL_Driver/Src/stm32f3xx_hal.o
 .debug_abbrev  0x0000000000000f15      0x225 Drivers/STM32F3xx_HAL_Driver/Src/stm32f3xx_hal_adc_ex.o
 .debug_abbrev  0x000000000000113a      0x2fa Drivers/STM32F3xx_HAL_Driver/Src/stm32f3xx_hal_cortex.o
 .debug_abbrev  0x0000000000001434      0x1c0 Drivers/STM32F3xx_HAL_Driver/Src/stm32f3xx_hal_gpio.o
 .debug_abbrev  0x00000000000015f4      0x28c Drivers/STM32F3xx_HAL_Driver/Src/stm32f3xx_hal_rcc.o
 .debug_abbrev  0x0000000000001880      0x219 Drivers/STM32F3xx_HAL_Driver/Src/stm32f3xx_hal_rcc_ex.o
 .debug_abbrev  0x0000000000001a99      0x230 Drivers/STM32F3xx_HAL_Driver/Src/stm32f3xx_hal_tim.o
 .debug_abbrev  0x0000000000001cc9      0x21e Drivers/STM32F3xx_HAL_Driver/Src/stm32f3xx_hal_tim_ex.o
 .debug_abbrev  0x0000000000001ee7      0x205 Drivers/STM32F3xx_HAL_Driver/Src/stm32f3xx_hal_uart.o
 .debug_abbrev  0x00000000000020ec      0x19e Drivers/STM32F3xx_HAL_Driver/Src/stm32f3xx_ll_exti.o
 .debug_abbrev  0x000000000000228a      0x212 Drivers/STM32F3xx_HAL_Driver/Src/stm32f3xx_ll_gpio.o

.debug_aranges  0x0000000000000000      0xee8
 .debug_aranges
                0x0000000000000000       0x20 Com/com.o
 .debug_aranges
                0x0000000000000020       0x30 Core/Src/adc.o
 .debug_aranges
                0x0000000000000050       0x48 Core/Src/gpio.o
 .debug_aranges
                0x0000000000000098       0x48 Core/Src/main.o
 .debug_aranges
                0x00000000000000e0       0x20 Core/Src/stm32f3xx_hal_msp.o
 .debug_aranges
                0x0000000000000100       0x60 Core/Src/stm32f3xx_it.o
 .debug_aranges
                0x0000000000000160       0x28 Core/Src/system_stm32f3xx.o
 .debug_aranges
                0x0000000000000188       0x38 Core/Src/tim.o
 .debug_aranges
                0x00000000000001c0       0x30 Core/Src/usart.o
 .debug_aranges
                0x00000000000001f0       0x28 Core/Startup/startup_stm32f303retx.o
 .debug_aranges
                0x0000000000000218       0xe0 Drivers/STM32F3xx_HAL_Driver/Src/stm32f3xx_hal.o
 .debug_aranges
                0x00000000000002f8      0x168 Drivers/STM32F3xx_HAL_Driver/Src/stm32f3xx_hal_adc_ex.o
 .debug_aranges
                0x0000000000000460      0x118 Drivers/STM32F3xx_HAL_Driver/Src/stm32f3xx_hal_cortex.o
 .debug_aranges
                0x0000000000000578       0x58 Drivers/STM32F3xx_HAL_Driver/Src/stm32f3xx_hal_gpio.o
 .debug_aranges
                0x00000000000005d0       0x88 Drivers/STM32F3xx_HAL_Driver/Src/stm32f3xx_hal_rcc.o
 .debug_aranges
                0x0000000000000658       0x38 Drivers/STM32F3xx_HAL_Driver/Src/stm32f3xx_hal_rcc_ex.o
 .debug_aranges
                0x0000000000000690      0x3c8 Drivers/STM32F3xx_HAL_Driver/Src/stm32f3xx_hal_tim.o
 .debug_aranges
                0x0000000000000a58      0x160 Drivers/STM32F3xx_HAL_Driver/Src/stm32f3xx_hal_tim_ex.o
 .debug_aranges
                0x0000000000000bb8      0x210 Drivers/STM32F3xx_HAL_Driver/Src/stm32f3xx_hal_uart.o
 .debug_aranges
                0x0000000000000dc8       0xb0 Drivers/STM32F3xx_HAL_Driver/Src/stm32f3xx_ll_exti.o
 .debug_aranges
                0x0000000000000e78       0x70 Drivers/STM32F3xx_HAL_Driver/Src/stm32f3xx_ll_gpio.o

.debug_ranges   0x0000000000000000      0xda0
 .debug_ranges  0x0000000000000000       0x10 Com/com.o
 .debug_ranges  0x0000000000000010       0x20 Core/Src/adc.o
 .debug_ranges  0x0000000000000030       0x38 Core/Src/gpio.o
 .debug_ranges  0x0000000000000068       0x38 Core/Src/main.o
 .debug_ranges  0x00000000000000a0       0x10 Core/Src/stm32f3xx_hal_msp.o
 .debug_ranges  0x00000000000000b0       0x50 Core/Src/stm32f3xx_it.o
 .debug_ranges  0x0000000000000100       0x18 Core/Src/system_stm32f3xx.o
 .debug_ranges  0x0000000000000118       0x28 Core/Src/tim.o
 .debug_ranges  0x0000000000000140       0x20 Core/Src/usart.o
 .debug_ranges  0x0000000000000160       0x20 Core/Startup/startup_stm32f303retx.o
 .debug_ranges  0x0000000000000180       0xd0 Drivers/STM32F3xx_HAL_Driver/Src/stm32f3xx_hal.o
 .debug_ranges  0x0000000000000250      0x158 Drivers/STM32F3xx_HAL_Driver/Src/stm32f3xx_hal_adc_ex.o
 .debug_ranges  0x00000000000003a8      0x108 Drivers/STM32F3xx_HAL_Driver/Src/stm32f3xx_hal_cortex.o
 .debug_ranges  0x00000000000004b0       0x48 Drivers/STM32F3xx_HAL_Driver/Src/stm32f3xx_hal_gpio.o
 .debug_ranges  0x00000000000004f8       0x78 Drivers/STM32F3xx_HAL_Driver/Src/stm32f3xx_hal_rcc.o
 .debug_ranges  0x0000000000000570       0x28 Drivers/STM32F3xx_HAL_Driver/Src/stm32f3xx_hal_rcc_ex.o
 .debug_ranges  0x0000000000000598      0x3b8 Drivers/STM32F3xx_HAL_Driver/Src/stm32f3xx_hal_tim.o
 .debug_ranges  0x0000000000000950      0x150 Drivers/STM32F3xx_HAL_Driver/Src/stm32f3xx_hal_tim_ex.o
 .debug_ranges  0x0000000000000aa0      0x200 Drivers/STM32F3xx_HAL_Driver/Src/stm32f3xx_hal_uart.o
 .debug_ranges  0x0000000000000ca0       0xa0 Drivers/STM32F3xx_HAL_Driver/Src/stm32f3xx_ll_exti.o
 .debug_ranges  0x0000000000000d40       0x60 Drivers/STM32F3xx_HAL_Driver/Src/stm32f3xx_ll_gpio.o

.debug_macro    0x0000000000000000    0x1f976
 .debug_macro   0x0000000000000000      0x25f Com/com.o
 .debug_macro   0x000000000000025f      0xa60 Com/com.o
 .debug_macro   0x0000000000000cbf      0x15d Com/com.o
 .debug_macro   0x0000000000000e1c       0x2e Com/com.o
 .debug_macro   0x0000000000000e4a       0x28 Com/com.o
 .debug_macro   0x0000000000000e72       0x22 Com/com.o
 .debug_macro   0x0000000000000e94       0x8e Com/com.o
 .debug_macro   0x0000000000000f22       0x51 Com/com.o
 .debug_macro   0x0000000000000f73       0xef Com/com.o
 .debug_macro   0x0000000000001062       0x6a Com/com.o
 .debug_macro   0x00000000000010cc      0x1df Com/com.o
 .debug_macro   0x00000000000012ab       0x1c Com/com.o
 .debug_macro   0x00000000000012c7       0x22 Com/com.o
 .debug_macro   0x00000000000012e9       0xdf Com/com.o
 .debug_macro   0x00000000000013c8     0x102d Com/com.o
 .debug_macro   0x00000000000023f5      0x11f Com/com.o
 .debug_macro   0x0000000000002514    0x15353 Com/com.o
 .debug_macro   0x0000000000017867       0x43 Com/com.o
 .debug_macro   0x00000000000178aa      0x174 Com/com.o
 .debug_macro   0x0000000000017a1e       0x53 Com/com.o
 .debug_macro   0x0000000000017a71      0x954 Com/com.o
 .debug_macro   0x00000000000183c5      0x84a Com/com.o
 .debug_macro   0x0000000000018c0f      0x12f Com/com.o
 .debug_macro   0x0000000000018d3e      0x23a Com/com.o
 .debug_macro   0x0000000000018f78      0x1ea Com/com.o
 .debug_macro   0x0000000000019162      0x1bc Com/com.o
 .debug_macro   0x000000000001931e       0x30 Com/com.o
 .debug_macro   0x000000000001934e       0x3c Com/com.o
 .debug_macro   0x000000000001938a      0x236 Com/com.o
 .debug_macro   0x00000000000195c0      0x9fe Com/com.o
 .debug_macro   0x0000000000019fbe       0x77 Com/com.o
 .debug_macro   0x000000000001a035       0xc5 Com/com.o
 .debug_macro   0x000000000001a0fa      0x21d Com/com.o
 .debug_macro   0x000000000001a317      0x22c Com/com.o
 .debug_macro   0x000000000001a543       0x58 Com/com.o
 .debug_macro   0x000000000001a59b       0xa5 Com/com.o
 .debug_macro   0x000000000001a640       0x81 Com/com.o
 .debug_macro   0x000000000001a6c1       0xd3 Com/com.o
 .debug_macro   0x000000000001a794      0x9e9 Com/com.o
 .debug_macro   0x000000000001b17d       0xbb Com/com.o
 .debug_macro   0x000000000001b238      0x589 Com/com.o
 .debug_macro   0x000000000001b7c1       0x44 Com/com.o
 .debug_macro   0x000000000001b805      0x347 Com/com.o
 .debug_macro   0x000000000001bb4c      0x39f Com/com.o
 .debug_macro   0x000000000001beeb      0x142 Com/com.o
 .debug_macro   0x000000000001c02d      0x148 Com/com.o
 .debug_macro   0x000000000001c175      0x14a Com/com.o
 .debug_macro   0x000000000001c2bf      0x1a8 Com/com.o
 .debug_macro   0x000000000001c467      0x627 Com/com.o
 .debug_macro   0x000000000001ca8e       0x30 Com/com.o
 .debug_macro   0x000000000001cabe       0xae Com/com.o
 .debug_macro   0x000000000001cb6c      0x287 Com/com.o
 .debug_macro   0x000000000001cdf3       0x94 Com/com.o
 .debug_macro   0x000000000001ce87      0x251 Core/Src/adc.o
 .debug_macro   0x000000000001d0d8      0x251 Core/Src/gpio.o
 .debug_macro   0x000000000001d329      0x284 Core/Src/main.o
 .debug_macro   0x000000000001d5ad      0x247 Core/Src/stm32f3xx_hal_msp.o
 .debug_macro   0x000000000001d7f4      0x251 Core/Src/stm32f3xx_it.o
 .debug_macro   0x000000000001da45      0x1ed Core/Src/system_stm32f3xx.o
 .debug_macro   0x000000000001dc32      0x251 Core/Src/tim.o
 .debug_macro   0x000000000001de83      0x251 Core/Src/usart.o
 .debug_macro   0x000000000001e0d4      0x20b Drivers/STM32F3xx_HAL_Driver/Src/stm32f3xx_hal.o
 .debug_macro   0x000000000001e2df      0x211 Drivers/STM32F3xx_HAL_Driver/Src/stm32f3xx_hal_adc_ex.o
 .debug_macro   0x000000000001e4f0      0x1e7 Drivers/STM32F3xx_HAL_Driver/Src/stm32f3xx_hal_cortex.o
 .debug_macro   0x000000000001e6d7      0x21f Drivers/STM32F3xx_HAL_Driver/Src/stm32f3xx_hal_gpio.o
 .debug_macro   0x000000000001e8f6      0x20b Drivers/STM32F3xx_HAL_Driver/Src/stm32f3xx_hal_rcc.o
 .debug_macro   0x000000000001eb01      0x1e7 Drivers/STM32F3xx_HAL_Driver/Src/stm32f3xx_hal_rcc_ex.o
 .debug_macro   0x000000000001ece8      0x1e8 Drivers/STM32F3xx_HAL_Driver/Src/stm32f3xx_hal_tim.o
 .debug_macro   0x000000000001eed0      0x1e7 Drivers/STM32F3xx_HAL_Driver/Src/stm32f3xx_hal_tim_ex.o
 .debug_macro   0x000000000001f0b7      0x204 Drivers/STM32F3xx_HAL_Driver/Src/stm32f3xx_hal_uart.o
 .debug_macro   0x000000000001f2bb      0x214 Drivers/STM32F3xx_HAL_Driver/Src/stm32f3xx_ll_exti.o
 .debug_macro   0x000000000001f4cf      0x142 Drivers/STM32F3xx_HAL_Driver/Src/stm32f3xx_ll_exti.o
 .debug_macro   0x000000000001f611      0x229 Drivers/STM32F3xx_HAL_Driver/Src/stm32f3xx_ll_gpio.o
 .debug_macro   0x000000000001f83a      0x13c Drivers/STM32F3xx_HAL_Driver/Src/stm32f3xx_ll_gpio.o

.debug_line     0x0000000000000000     0xe00b
 .debug_line    0x0000000000000000      0x78e Com/com.o
 .debug_line    0x000000000000078e      0x7c6 Core/Src/adc.o
 .debug_line    0x0000000000000f54      0x850 Core/Src/gpio.o
 .debug_line    0x00000000000017a4      0x85c Core/Src/main.o
 .debug_line    0x0000000000002000      0x788 Core/Src/stm32f3xx_hal_msp.o
 .debug_line    0x0000000000002788      0x82c Core/Src/stm32f3xx_it.o
 .debug_line    0x0000000000002fb4      0x6d8 Core/Src/system_stm32f3xx.o
 .debug_line    0x000000000000368c      0x7d4 Core/Src/tim.o
 .debug_line    0x0000000000003e60      0x7be Core/Src/usart.o
 .debug_line    0x000000000000461e       0x85 Core/Startup/startup_stm32f303retx.o
 .debug_line    0x00000000000046a3      0x893 Drivers/STM32F3xx_HAL_Driver/Src/stm32f3xx_hal.o
 .debug_line    0x0000000000004f36     0x19ea Drivers/STM32F3xx_HAL_Driver/Src/stm32f3xx_hal_adc_ex.o
 .debug_line    0x0000000000006920      0x9c8 Drivers/STM32F3xx_HAL_Driver/Src/stm32f3xx_hal_cortex.o
 .debug_line    0x00000000000072e8      0x870 Drivers/STM32F3xx_HAL_Driver/Src/stm32f3xx_hal_gpio.o
 .debug_line    0x0000000000007b58      0xe0e Drivers/STM32F3xx_HAL_Driver/Src/stm32f3xx_hal_rcc.o
 .debug_line    0x0000000000008966      0xa34 Drivers/STM32F3xx_HAL_Driver/Src/stm32f3xx_hal_rcc_ex.o
 .debug_line    0x000000000000939a     0x1bf0 Drivers/STM32F3xx_HAL_Driver/Src/stm32f3xx_hal_tim.o
 .debug_line    0x000000000000af8a      0xd68 Drivers/STM32F3xx_HAL_Driver/Src/stm32f3xx_hal_tim_ex.o
 .debug_line    0x000000000000bcf2     0x11f9 Drivers/STM32F3xx_HAL_Driver/Src/stm32f3xx_hal_uart.o
 .debug_line    0x000000000000ceeb      0x87a Drivers/STM32F3xx_HAL_Driver/Src/stm32f3xx_ll_exti.o
 .debug_line    0x000000000000d765      0x8a6 Drivers/STM32F3xx_HAL_Driver/Src/stm32f3xx_ll_gpio.o

.debug_str      0x0000000000000000    0xbed15
 .debug_str     0x0000000000000000    0xba075 Com/com.o
                                      0xba95f (size before relaxing)
 .debug_str     0x00000000000ba075      0x353 Core/Src/adc.o
                                      0xbab05 (size before relaxing)
 .debug_str     0x00000000000ba3c8      0x168 Core/Src/gpio.o
                                      0xba7d6 (size before relaxing)
 .debug_str     0x00000000000ba530      0x56e Core/Src/main.o
                                      0xbb18e (size before relaxing)
 .debug_str     0x00000000000baa9e       0x2c Core/Src/stm32f3xx_hal_msp.o
                                      0xba5a7 (size before relaxing)
 .debug_str     0x00000000000baaca       0xbd Core/Src/stm32f3xx_it.o
                                      0xba5de (size before relaxing)
 .debug_str     0x00000000000bab87       0xc7 Core/Src/system_stm32f3xx.o
                                      0xb0bc7 (size before relaxing)
 .debug_str     0x00000000000bac4e      0x139 Core/Src/tim.o
                                      0xbab59 (size before relaxing)
 .debug_str     0x00000000000bad87       0x57 Core/Src/usart.o
                                      0xbaa4d (size before relaxing)
 .debug_str     0x00000000000badde       0x36 Core/Startup/startup_stm32f303retx.o
                                         0x73 (size before relaxing)
 .debug_str     0x00000000000bae14      0x740 Drivers/STM32F3xx_HAL_Driver/Src/stm32f3xx_hal.o
                                      0xb13ba (size before relaxing)
 .debug_str     0x00000000000bb554      0x860 Drivers/STM32F3xx_HAL_Driver/Src/stm32f3xx_hal_adc_ex.o
                                      0xb180b (size before relaxing)
 .debug_str     0x00000000000bbdb4      0x3a8 Drivers/STM32F3xx_HAL_Driver/Src/stm32f3xx_hal_cortex.o
                                      0xb14c8 (size before relaxing)
 .debug_str     0x00000000000bc15c      0x21e Drivers/STM32F3xx_HAL_Driver/Src/stm32f3xx_hal_gpio.o
                                      0xb0e91 (size before relaxing)
 .debug_str     0x00000000000bc37a      0x309 Drivers/STM32F3xx_HAL_Driver/Src/stm32f3xx_hal_rcc.o
                                      0xb1025 (size before relaxing)
 .debug_str     0x00000000000bc683       0xd8 Drivers/STM32F3xx_HAL_Driver/Src/stm32f3xx_hal_rcc_ex.o
                                      0xb0e6f (size before relaxing)
 .debug_str     0x00000000000bc75b      0xdcf Drivers/STM32F3xx_HAL_Driver/Src/stm32f3xx_hal_tim.o
                                      0xb1db4 (size before relaxing)
 .debug_str     0x00000000000bd52a      0x591 Drivers/STM32F3xx_HAL_Driver/Src/stm32f3xx_hal_tim_ex.o
                                      0xb15bb (size before relaxing)
 .debug_str     0x00000000000bdabb      0x805 Drivers/STM32F3xx_HAL_Driver/Src/stm32f3xx_hal_uart.o
                                      0xb1781 (size before relaxing)
 .debug_str     0x00000000000be2c0      0x455 Drivers/STM32F3xx_HAL_Driver/Src/stm32f3xx_ll_exti.o
                                      0xb1616 (size before relaxing)
 .debug_str     0x00000000000be715      0x600 Drivers/STM32F3xx_HAL_Driver/Src/stm32f3xx_ll_gpio.o
                                      0xb21bc (size before relaxing)

.comment        0x0000000000000000       0x7b
 .comment       0x0000000000000000       0x7b Com/com.o
                                         0x7c (size before relaxing)
 .comment       0x000000000000007b       0x7c Core/Src/adc.o
 .comment       0x000000000000007b       0x7c Core/Src/gpio.o
 .comment       0x000000000000007b       0x7c Core/Src/main.o
 .comment       0x000000000000007b       0x7c Core/Src/stm32f3xx_hal_msp.o
 .comment       0x000000000000007b       0x7c Core/Src/stm32f3xx_it.o
 .comment       0x000000000000007b       0x7c Core/Src/system_stm32f3xx.o
 .comment       0x000000000000007b       0x7c Core/Src/tim.o
 .comment       0x000000000000007b       0x7c Core/Src/usart.o
 .comment       0x000000000000007b       0x7c Drivers/STM32F3xx_HAL_Driver/Src/stm32f3xx_hal.o
 .comment       0x000000000000007b       0x7c Drivers/STM32F3xx_HAL_Driver/Src/stm32f3xx_hal_adc_ex.o
 .comment       0x000000000000007b       0x7c Drivers/STM32F3xx_HAL_Driver/Src/stm32f3xx_hal_cortex.o
 .comment       0x000000000000007b       0x7c Drivers/STM32F3xx_HAL_Driver/Src/stm32f3xx_hal_gpio.o
 .comment       0x000000000000007b       0x7c Drivers/STM32F3xx_HAL_Driver/Src/stm32f3xx_hal_rcc.o
 .comment       0x000000000000007b       0x7c Drivers/STM32F3xx_HAL_Driver/Src/stm32f3xx_hal_rcc_ex.o
 .comment       0x000000000000007b       0x7c Drivers/STM32F3xx_HAL_Driver/Src/stm32f3xx_hal_tim.o
 .comment       0x000000000000007b       0x7c Drivers/STM32F3xx_HAL_Driver/Src/stm32f3xx_hal_tim_ex.o
 .comment       0x000000000000007b       0x7c Drivers/STM32F3xx_HAL_Driver/Src/stm32f3xx_hal_uart.o
 .comment       0x000000000000007b       0x7c Drivers/STM32F3xx_HAL_Driver/Src/stm32f3xx_ll_exti.o
 .comment       0x000000000000007b       0x7c Drivers/STM32F3xx_HAL_Driver/Src/stm32f3xx_ll_gpio.o

.debug_frame    0x0000000000000000     0x3ea0
 .debug_frame   0x0000000000000000       0x30 Com/com.o
 .debug_frame   0x0000000000000030       0x7c Core/Src/adc.o
 .debug_frame   0x00000000000000ac       0xfc Core/Src/gpio.o
 .debug_frame   0x00000000000001a8       0xe4 Core/Src/main.o
 .debug_frame   0x000000000000028c       0x38 Core/Src/stm32f3xx_hal_msp.o
 .debug_frame   0x00000000000002c4      0x10c Core/Src/stm32f3xx_it.o
 .debug_frame   0x00000000000003d0       0x58 Core/Src/system_stm32f3xx.o
 .debug_frame   0x0000000000000428       0xa8 Core/Src/tim.o
 .debug_frame   0x00000000000004d0       0x74 Core/Src/usart.o
 .debug_frame   0x0000000000000544      0x334 Drivers/STM32F3xx_HAL_Driver/Src/stm32f3xx_hal.o
 .debug_frame   0x0000000000000878      0x644 Drivers/STM32F3xx_HAL_Driver/Src/stm32f3xx_hal_adc_ex.o
 .debug_frame   0x0000000000000ebc      0x498 Drivers/STM32F3xx_HAL_Driver/Src/stm32f3xx_hal_cortex.o
 .debug_frame   0x0000000000001354      0x14c Drivers/STM32F3xx_HAL_Driver/Src/stm32f3xx_hal_gpio.o
 .debug_frame   0x00000000000014a0      0x214 Drivers/STM32F3xx_HAL_Driver/Src/stm32f3xx_hal_rcc.o
 .debug_frame   0x00000000000016b4       0xb4 Drivers/STM32F3xx_HAL_Driver/Src/stm32f3xx_hal_rcc_ex.o
 .debug_frame   0x0000000000001768     0x1190 Drivers/STM32F3xx_HAL_Driver/Src/stm32f3xx_hal_tim.o
 .debug_frame   0x00000000000028f8      0x610 Drivers/STM32F3xx_HAL_Driver/Src/stm32f3xx_hal_tim_ex.o
 .debug_frame   0x0000000000002f08      0x970 Drivers/STM32F3xx_HAL_Driver/Src/stm32f3xx_hal_uart.o
 .debug_frame   0x0000000000003878      0x2fc Drivers/STM32F3xx_HAL_Driver/Src/stm32f3xx_ll_exti.o
 .debug_frame   0x0000000000003b74      0x1c0 Drivers/STM32F3xx_HAL_Driver/Src/stm32f3xx_ll_gpio.o
 .debug_frame   0x0000000000003d34       0x2c /opt/st/stm32cubeide_1.1.0/plugins/com.st.stm32cube.ide.mcu.externaltools.gnu-tools-for-stm32.7-2018-q2-update.linux64_1.0.0.201904181610/tools/bin/../lib/gcc/arm-none-eabi/7.3.1/../../../../arm-none-eabi/lib/thumb/v7e-m/fpv4-sp/hard/libc_nano.a(lib_a-init.o)
 .debug_frame   0x0000000000003d60       0x20 /opt/st/stm32cubeide_1.1.0/plugins/com.st.stm32cube.ide.mcu.externaltools.gnu-tools-for-stm32.7-2018-q2-update.linux64_1.0.0.201904181610/tools/bin/../lib/gcc/arm-none-eabi/7.3.1/../../../../arm-none-eabi/lib/thumb/v7e-m/fpv4-sp/hard/libc_nano.a(lib_a-memset.o)
 .debug_frame   0x0000000000003d80       0xac /opt/st/stm32cubeide_1.1.0/plugins/com.st.stm32cube.ide.mcu.externaltools.gnu-tools-for-stm32.7-2018-q2-update.linux64_1.0.0.201904181610/tools/bin/../lib/gcc/arm-none-eabi/7.3.1/thumb/v7e-m/fpv4-sp/hard/libgcc.a(_arm_addsubdf3.o)
 .debug_frame   0x0000000000003e2c       0x50 /opt/st/stm32cubeide_1.1.0/plugins/com.st.stm32cube.ide.mcu.externaltools.gnu-tools-for-stm32.7-2018-q2-update.linux64_1.0.0.201904181610/tools/bin/../lib/gcc/arm-none-eabi/7.3.1/thumb/v7e-m/fpv4-sp/hard/libgcc.a(_arm_muldivdf3.o)
 .debug_frame   0x0000000000003e7c       0x24 /opt/st/stm32cubeide_1.1.0/plugins/com.st.stm32cube.ide.mcu.externaltools.gnu-tools-for-stm32.7-2018-q2-update.linux64_1.0.0.201904181610/tools/bin/../lib/gcc/arm-none-eabi/7.3.1/thumb/v7e-m/fpv4-sp/hard/libgcc.a(_arm_truncdfsf2.o)
