Archive member included to satisfy reference by file (symbol)

/opt/st/stm32cubeide_1.1.0/plugins/com.st.stm32cube.ide.mcu.externaltools.gnu-tools-for-stm32.7-2018-q2-update.linux64_1.0.0.201904181610/tools/bin/../lib/gcc/arm-none-eabi/7.3.1/../../../../arm-none-eabi/lib/thumb/v7e-m/fpv4-sp/hard/libc_nano.a(lib_a-errno.o)
                              Core/Src/syscalls.o (__errno)
/opt/st/stm32cubeide_1.1.0/plugins/com.st.stm32cube.ide.mcu.externaltools.gnu-tools-for-stm32.7-2018-q2-update.linux64_1.0.0.201904181610/tools/bin/../lib/gcc/arm-none-eabi/7.3.1/../../../../arm-none-eabi/lib/thumb/v7e-m/fpv4-sp/hard/libc_nano.a(lib_a-exit.o)
                              /opt/st/stm32cubeide_1.1.0/plugins/com.st.stm32cube.ide.mcu.externaltools.gnu-tools-for-stm32.7-2018-q2-update.linux64_1.0.0.201904181610/tools/bin/../lib/gcc/arm-none-eabi/7.3.1/../../../../arm-none-eabi/lib/thumb/v7e-m/fpv4-sp/hard/crt0.o (exit)
/opt/st/stm32cubeide_1.1.0/plugins/com.st.stm32cube.ide.mcu.externaltools.gnu-tools-for-stm32.7-2018-q2-update.linux64_1.0.0.201904181610/tools/bin/../lib/gcc/arm-none-eabi/7.3.1/../../../../arm-none-eabi/lib/thumb/v7e-m/fpv4-sp/hard/libc_nano.a(lib_a-impure.o)
                              /opt/st/stm32cubeide_1.1.0/plugins/com.st.stm32cube.ide.mcu.externaltools.gnu-tools-for-stm32.7-2018-q2-update.linux64_1.0.0.201904181610/tools/bin/../lib/gcc/arm-none-eabi/7.3.1/../../../../arm-none-eabi/lib/thumb/v7e-m/fpv4-sp/hard/libc_nano.a(lib_a-exit.o) (_global_impure_ptr)
/opt/st/stm32cubeide_1.1.0/plugins/com.st.stm32cube.ide.mcu.externaltools.gnu-tools-for-stm32.7-2018-q2-update.linux64_1.0.0.201904181610/tools/bin/../lib/gcc/arm-none-eabi/7.3.1/../../../../arm-none-eabi/lib/thumb/v7e-m/fpv4-sp/hard/libc_nano.a(lib_a-init.o)
                              /opt/st/stm32cubeide_1.1.0/plugins/com.st.stm32cube.ide.mcu.externaltools.gnu-tools-for-stm32.7-2018-q2-update.linux64_1.0.0.201904181610/tools/bin/../lib/gcc/arm-none-eabi/7.3.1/../../../../arm-none-eabi/lib/thumb/v7e-m/fpv4-sp/hard/crt0.o (__libc_init_array)
/opt/st/stm32cubeide_1.1.0/plugins/com.st.stm32cube.ide.mcu.externaltools.gnu-tools-for-stm32.7-2018-q2-update.linux64_1.0.0.201904181610/tools/bin/../lib/gcc/arm-none-eabi/7.3.1/../../../../arm-none-eabi/lib/thumb/v7e-m/fpv4-sp/hard/libc_nano.a(lib_a-memset.o)
                              /opt/st/stm32cubeide_1.1.0/plugins/com.st.stm32cube.ide.mcu.externaltools.gnu-tools-for-stm32.7-2018-q2-update.linux64_1.0.0.201904181610/tools/bin/../lib/gcc/arm-none-eabi/7.3.1/../../../../arm-none-eabi/lib/thumb/v7e-m/fpv4-sp/hard/crt0.o (memset)

Allocating common symbols
Common symbol       size              file

hadc2               0x50              Core/Src/adc.o
uwTick              0x4               Drivers/STM32F3xx_HAL_Driver/Src/stm32f3xx_hal.o
pFlash              0x20              Drivers/STM32F3xx_HAL_Driver/Src/stm32f3xx_hal_flash.o
huart2              0x80              Core/Src/usart.o
htim16              0x40              Core/Src/tim.o

Discarded input sections

 .text          0x0000000000000000        0x0 /opt/st/stm32cubeide_1.1.0/plugins/com.st.stm32cube.ide.mcu.externaltools.gnu-tools-for-stm32.7-2018-q2-update.linux64_1.0.0.201904181610/tools/bin/../lib/gcc/arm-none-eabi/7.3.1/thumb/v7e-m/fpv4-sp/hard/crti.o
 .data          0x0000000000000000        0x0 /opt/st/stm32cubeide_1.1.0/plugins/com.st.stm32cube.ide.mcu.externaltools.gnu-tools-for-stm32.7-2018-q2-update.linux64_1.0.0.201904181610/tools/bin/../lib/gcc/arm-none-eabi/7.3.1/thumb/v7e-m/fpv4-sp/hard/crti.o
 .bss           0x0000000000000000        0x0 /opt/st/stm32cubeide_1.1.0/plugins/com.st.stm32cube.ide.mcu.externaltools.gnu-tools-for-stm32.7-2018-q2-update.linux64_1.0.0.201904181610/tools/bin/../lib/gcc/arm-none-eabi/7.3.1/thumb/v7e-m/fpv4-sp/hard/crti.o
 .data          0x0000000000000000        0x4 /opt/st/stm32cubeide_1.1.0/plugins/com.st.stm32cube.ide.mcu.externaltools.gnu-tools-for-stm32.7-2018-q2-update.linux64_1.0.0.201904181610/tools/bin/../lib/gcc/arm-none-eabi/7.3.1/thumb/v7e-m/fpv4-sp/hard/crtbegin.o
 .text          0x0000000000000000       0x74 /opt/st/stm32cubeide_1.1.0/plugins/com.st.stm32cube.ide.mcu.externaltools.gnu-tools-for-stm32.7-2018-q2-update.linux64_1.0.0.201904181610/tools/bin/../lib/gcc/arm-none-eabi/7.3.1/../../../../arm-none-eabi/lib/thumb/v7e-m/fpv4-sp/hard/crt0.o
 .data          0x0000000000000000        0x0 /opt/st/stm32cubeide_1.1.0/plugins/com.st.stm32cube.ide.mcu.externaltools.gnu-tools-for-stm32.7-2018-q2-update.linux64_1.0.0.201904181610/tools/bin/../lib/gcc/arm-none-eabi/7.3.1/../../../../arm-none-eabi/lib/thumb/v7e-m/fpv4-sp/hard/crt0.o
 .bss           0x0000000000000000        0x0 /opt/st/stm32cubeide_1.1.0/plugins/com.st.stm32cube.ide.mcu.externaltools.gnu-tools-for-stm32.7-2018-q2-update.linux64_1.0.0.201904181610/tools/bin/../lib/gcc/arm-none-eabi/7.3.1/../../../../arm-none-eabi/lib/thumb/v7e-m/fpv4-sp/hard/crt0.o
[...]
Memory Configuration

Name             Origin             Length             Attributes
CCMRAM           0x0000000010000000 0x0000000000004000 xrw
RAM              0x0000000020000000 0x0000000000010000 xrw
FLASH            0x0000000008000000 0x0000000000080000 xr
*default*        0x0000000000000000 0xffffffffffffffff

Linker script and memory map

LOAD /opt/st/stm32cubeide_1.1.0/plugins/com.st.stm32cube.ide.mcu.externaltools.gnu-tools-for-stm32.7-2018-q2-update.linux64_1.0.0.201904181610/tools/bin/../lib/gcc/arm-none-eabi/7.3.1/thumb/v7e-m/fpv4-sp/hard/crti.o
LOAD /opt/st/stm32cubeide_1.1.0/plugins/com.st.stm32cube.ide.mcu.externaltools.gnu-tools-for-stm32.7-2018-q2-update.linux64_1.0.0.201904181610/tools/bin/../lib/gcc/arm-none-eabi/7.3.1/thumb/v7e-m/fpv4-sp/hard/crtbegin.o
LOAD /opt/st/stm32cubeide_1.1.0/plugins/com.st.stm32cube.ide.mcu.externaltools.gnu-tools-for-stm32.7-2018-q2-update.linux64_1.0.0.201904181610/tools/bin/../lib/gcc/arm-none-eabi/7.3.1/../../../../arm-none-eabi/lib/thumb/v7e-m/fpv4-sp/hard/crt0.o
LOAD Com/com.o
LOAD Core/Src/adc.o
LOAD Core/Src/gpio.o
LOAD Core/Src/main.o
LOAD Core/Src/stm32f3xx_hal_msp.o
LOAD Core/Src/stm32f3xx_it.o
LOAD Core/Src/sys.o
LOAD Core/Src/syscalls.o
LOAD Core/Src/sysmem.o
LOAD Core/Src/system_stm32f3xx.o
LOAD Core/Src/tim.o
LOAD Core/Src/usart.o
LOAD Core/Startup/startup_stm32f303retx.o
LOAD Drivers/STM32F3xx_HAL_Driver/Src/stm32f3xx_hal.o
LOAD Drivers/STM32F3xx_HAL_Driver/Src/stm32f3xx_hal_adc.o
LOAD Drivers/STM32F3xx_HAL_Driver/Src/stm32f3xx_hal_adc_ex.o
LOAD Drivers/STM32F3xx_HAL_Driver/Src/stm32f3xx_hal_cortex.o
LOAD Drivers/STM32F3xx_HAL_Driver/Src/stm32f3xx_hal_dma.o
LOAD Drivers/STM32F3xx_HAL_Driver/Src/stm32f3xx_hal_exti.o
LOAD Drivers/STM32F3xx_HAL_Driver/Src/stm32f3xx_hal_flash.o
LOAD Drivers/STM32F3xx_HAL_Driver/Src/stm32f3xx_hal_flash_ex.o
LOAD Drivers/STM32F3xx_HAL_Driver/Src/stm32f3xx_hal_gpio.o
LOAD Drivers/STM32F3xx_HAL_Driver/Src/stm32f3xx_hal_i2c.o
LOAD Drivers/STM32F3xx_HAL_Driver/Src/stm32f3xx_hal_i2c_ex.o
LOAD Drivers/STM32F3xx_HAL_Driver/Src/stm32f3xx_hal_pwr.o
LOAD Drivers/STM32F3xx_HAL_Driver/Src/stm32f3xx_hal_pwr_ex.o
LOAD Drivers/STM32F3xx_HAL_Driver/Src/stm32f3xx_hal_rcc.o
LOAD Drivers/STM32F3xx_HAL_Driver/Src/stm32f3xx_hal_rcc_ex.o
LOAD Drivers/STM32F3xx_HAL_Driver/Src/stm32f3xx_hal_tim.o
LOAD Drivers/STM32F3xx_HAL_Driver/Src/stm32f3xx_hal_tim_ex.o
LOAD Drivers/STM32F3xx_HAL_Driver/Src/stm32f3xx_hal_uart.o
LOAD Drivers/STM32F3xx_HAL_Driver/Src/stm32f3xx_hal_uart_ex.o
LOAD Drivers/STM32F3xx_HAL_Driver/Src/stm32f3xx_ll_exti.o
LOAD Drivers/STM32F3xx_HAL_Driver/Src/stm32f3xx_ll_gpio.o
LOAD Drivers/STM32F3xx_HAL_Driver/Src/stm32f3xx_ll_rcc.o
LOAD Drivers/STM32F3xx_HAL_Driver/Src/stm32f3xx_ll_utils.o
START GROUP
LOAD /opt/st/stm32cubeide_1.1.0/plugins/com.st.stm32cube.ide.mcu.externaltools.gnu-tools-for-stm32.7-2018-q2-update.linux64_1.0.0.201904181610/tools/bin/../lib/gcc/arm-none-eabi/7.3.1/../../../../arm-none-eabi/lib/thumb/v7e-m/fpv4-sp/hard/libc_nano.a
LOAD /opt/st/stm32cubeide_1.1.0/plugins/com.st.stm32cube.ide.mcu.externaltools.gnu-tools-for-stm32.7-2018-q2-update.linux64_1.0.0.201904181610/tools/bin/../lib/gcc/arm-none-eabi/7.3.1/../../../../arm-none-eabi/lib/thumb/v7e-m/fpv4-sp/hard/libm.a
END GROUP
START GROUP
LOAD /opt/st/stm32cubeide_1.1.0/plugins/com.st.stm32cube.ide.mcu.externaltools.gnu-tools-for-stm32.7-2018-q2-update.linux64_1.0.0.201904181610/tools/bin/../lib/gcc/arm-none-eabi/7.3.1/thumb/v7e-m/fpv4-sp/hard/libgcc.a
LOAD /opt/st/stm32cubeide_1.1.0/plugins/com.st.stm32cube.ide.mcu.externaltools.gnu-tools-for-stm32.7-2018-q2-update.linux64_1.0.0.201904181610/tools/bin/../lib/gcc/arm-none-eabi/7.3.1/../../../../arm-none-eabi/lib/thumb/v7e-m/fpv4-sp/hard/libc_nano.a
END GROUP
START GROUP
LOAD /opt/st/stm32cubeide_1.1.0/plugins/com.st.stm32cube.ide.mcu.externaltools.gnu-tools-for-stm32.7-2018-q2-update.linux64_1.0.0.201904181610/tools/bin/../lib/gcc/arm-none-eabi/7.3.1/thumb/v7e-m/fpv4-sp/hard/libgcc.a
LOAD /opt/st/stm32cubeide_1.1.0/plugins/com.st.stm32cube.ide.mcu.externaltools.gnu-tools-for-stm32.7-2018-q2-update.linux64_1.0.0.201904181610/tools/bin/../lib/gcc/arm-none-eabi/7.3.1/../../../../arm-none-eabi/lib/thumb/v7e-m/fpv4-sp/hard/libc_nano.a
LOAD /opt/st/stm32cubeide_1.1.0/plugins/com.st.stm32cube.ide.mcu.externaltools.gnu-tools-for-stm32.7-2018-q2-update.linux64_1.0.0.201904181610/tools/bin/../lib/gcc/arm-none-eabi/7.3.1/../../../../arm-none-eabi/lib/thumb/v7e-m/fpv4-sp/hard/libnosys.a
END GROUP
START GROUP
LOAD /opt/st/stm32cubeide_1.1.0/plugins/com.st.stm32cube.ide.mcu.externaltools.gnu-tools-for-stm32.7-2018-q2-update.linux64_1.0.0.201904181610/tools/bin/../lib/gcc/arm-none-eabi/7.3.1/thumb/v7e-m/fpv4-sp/hard/libgcc.a
LOAD /opt/st/stm32cubeide_1.1.0/plugins/com.st.stm32cube.ide.mcu.externaltools.gnu-tools-for-stm32.7-2018-q2-update.linux64_1.0.0.201904181610/tools/bin/../lib/gcc/arm-none-eabi/7.3.1/../../../../arm-none-eabi/lib/thumb/v7e-m/fpv4-sp/hard/libc_nano.a
LOAD /opt/st/stm32cubeide_1.1.0/plugins/com.st.stm32cube.ide.mcu.externaltools.gnu-tools-for-stm32.7-2018-q2-update.linux64_1.0.0.201904181610/tools/bin/../lib/gcc/arm-none-eabi/7.3.1/../../../../arm-none-eabi/lib/thumb/v7e-m/fpv4-sp/hard/libnosys.a
END GROUP
LOAD /opt/st/stm32cubeide_1.1.0/plugins/com.st.stm32cube.ide.mcu.externaltools.gnu-tools-for-stm32.7-2018-q2-update.linux64_1.0.0.201904181610/tools/bin/../lib/gcc/arm-none-eabi/7.3.1/thumb/v7e-m/fpv4-sp/hard/crtend.o
LOAD /opt/st/stm32cubeide_1.1.0/plugins/com.st.stm32cube.ide.mcu.externaltools.gnu-tools-for-stm32.7-2018-q2-update.linux64_1.0.0.201904181610/tools/bin/../lib/gcc/arm-none-eabi/7.3.1/thumb/v7e-m/fpv4-sp/hard/crtn.o
                0x0000000020010000                _estack = (ORIGIN (RAM) + LENGTH (RAM))
                0x0000000000000200                _Min_Heap_Size = 0x200
                0x0000000000000400                _Min_Stack_Size = 0x400

.isr_vector     0x0000000008000000      0x194
                0x0000000008000000                . = ALIGN (0x4)
 *(.isr_vector)
 .isr_vector    0x0000000008000000      0x194 Core/Startup/startup_stm32f303retx.o
                0x0000000008000000                g_pfnVectors
                0x0000000008000194                . = ALIGN (0x4)

.text           0x0000000008000194     0x466c
                0x0000000008000194                . = ALIGN (0x4)
 *(.text)
 .text          0x0000000008000194       0x40 /opt/st/stm32cubeide_1.1.0/plugins/com.st.stm32cube.ide.mcu.externaltools.gnu-tools-for-stm32.7-2018-q2-update.linux64_1.0.0.201904181610/tools/bin/../lib/gcc/arm-none-eabi/7.3.1/thumb/v7e-m/fpv4-sp/hard/crtbegin.o
 *(.text*)
 .text.com_Test_SendBuffer
                0x00000000080001d4       0x24 Com/com.o
                0x00000000080001d4                com_Test_SendBuffer
 .text.MX_ADC2_Init
                0x00000000080001f8       0xbc Core/Src/adc.o
                0x00000000080001f8                MX_ADC2_Init
 .text.HAL_ADC_MspInit
                0x00000000080002b4       0x7c Core/Src/adc.o
                0x00000000080002b4                HAL_ADC_MspInit
 .text.LL_SYSCFG_SetEXTISource
                0x0000000008000330       0x5c Core/Src/gpio.o
 .text.LL_GPIO_SetPinMode
                0x000000000800038c       0x5e Core/Src/gpio.o
 .text.LL_GPIO_SetPinPull
                0x00000000080003ea       0x5e Core/Src/gpio.o
 .text.LL_GPIO_ResetOutputPin
                0x0000000008000448       0x1c Core/Src/gpio.o
 .text.LL_AHB1_GRP1_EnableClock
                0x0000000008000464       0x30 Core/Src/gpio.o
 .text.MX_GPIO_Init
                0x0000000008000494       0xe8 Core/Src/gpio.o
                0x0000000008000494                MX_GPIO_Init
 .text.LL_GPIO_SetOutputPin
                0x000000000800057c       0x1c Core/Src/main.o
 .text.LL_GPIO_ResetOutputPin
                0x0000000008000598       0x1c Core/Src/main.o
 .text.test_mANoise
                0x00000000080005b4       0xd4 Core/Src/main.o
                0x00000000080005b4                test_mANoise
 .text.main     0x0000000008000688       0x1e Core/Src/main.o
                0x0000000008000688                main
 *fill*         0x00000000080006a6        0x2 
 .text.SystemClock_Config
                0x00000000080006a8       0xc4 Core/Src/main.o
                0x00000000080006a8                SystemClock_Config
 .text.Error_Handler
                0x000000000800076c        0xe Core/Src/main.o
                0x000000000800076c                Error_Handler
 .text.NMI_Handler
                0x000000000800077a        0xe Core/Src/stm32f3xx_it.o
                0x000000000800077a                NMI_Handler
 .text.HardFault_Handler
                0x0000000008000788        0x6 Core/Src/stm32f3xx_it.o
                0x0000000008000788                HardFault_Handler
 .text.MemManage_Handler
                0x000000000800078e        0x6 Core/Src/stm32f3xx_it.o
                0x000000000800078e                MemManage_Handler
 .text.BusFault_Handler
                0x0000000008000794        0x6 Core/Src/stm32f3xx_it.o
                0x0000000008000794                BusFault_Handler
 .text.UsageFault_Handler
                0x000000000800079a        0x6 Core/Src/stm32f3xx_it.o
                0x000000000800079a                UsageFault_Handler
 .text.SVC_Handler
                0x00000000080007a0        0xe Core/Src/stm32f3xx_it.o
                0x00000000080007a0                SVC_Handler
 .text.DebugMon_Handler
                0x00000000080007ae        0xe Core/Src/stm32f3xx_it.o
                0x00000000080007ae                DebugMon_Handler
 .text.PendSV_Handler
                0x00000000080007bc        0xe Core/Src/stm32f3xx_it.o
                0x00000000080007bc                PendSV_Handler
 .text.SysTick_Handler
                0x00000000080007ca        0xc Core/Src/stm32f3xx_it.o
                0x00000000080007ca                SysTick_Handler
 *fill*         0x00000000080007d6        0x2 
 .text.SystemInit
                0x00000000080007d8       0x2c Core/Src/system_stm32f3xx.o
                0x00000000080007d8                SystemInit
 .text.MX_TIM16_Init
                0x0000000008000804       0x4c Core/Src/tim.o
                0x0000000008000804                MX_TIM16_Init
 .text.HAL_TIM_Base_MspInit
                0x0000000008000850       0x40 Core/Src/tim.o
                0x0000000008000850                HAL_TIM_Base_MspInit
 .text.MX_USART2_UART_Init
                0x0000000008000890       0x60 Core/Src/usart.o
                0x0000000008000890                MX_USART2_UART_Init
 .text.HAL_UART_MspInit
                0x00000000080008f0       0x84 Core/Src/usart.o
                0x00000000080008f0                HAL_UART_MspInit
 .text.Reset_Handler
                0x0000000008000974       0x50 Core/Startup/startup_stm32f303retx.o
                0x0000000008000974                Reset_Handler
 .text.Default_Handler
                0x00000000080009c4        0x2 Core/Startup/startup_stm32f303retx.o
                0x00000000080009c4                RTC_Alarm_IRQHandler
                0x00000000080009c4                TIM8_TRG_COM_IRQHandler
                0x00000000080009c4                TIM8_CC_IRQHandler
                0x00000000080009c4                SPI4_IRQHandler
                0x00000000080009c4                TIM1_CC_IRQHandler
                0x00000000080009c4                USB_HP_IRQHandler
                0x00000000080009c4                PVD_IRQHandler
                0x00000000080009c4                TAMP_STAMP_IRQHandler
                0x00000000080009c4                EXTI3_IRQHandler
                0x00000000080009c4                I2C3_ER_IRQHandler
                0x00000000080009c4                USB_HP_CAN_TX_IRQHandler
                0x00000000080009c4                EXTI0_IRQHandler
                0x00000000080009c4                I2C2_EV_IRQHandler
                0x00000000080009c4                FPU_IRQHandler
                0x00000000080009c4                TIM1_UP_TIM16_IRQHandler
                0x00000000080009c4                ADC1_2_IRQHandler
                0x00000000080009c4                SPI1_IRQHandler
                0x00000000080009c4                CAN_SCE_IRQHandler
                0x00000000080009c4                TIM6_DAC_IRQHandler
                0x00000000080009c4                TIM8_UP_IRQHandler
                0x00000000080009c4                DMA2_Channel2_IRQHandler
                0x00000000080009c4                DMA1_Channel4_IRQHandler
                0x00000000080009c4                TIM20_TRG_COM_IRQHandler
                0x00000000080009c4                USART3_IRQHandler
                0x00000000080009c4                DMA1_Channel7_IRQHandler
                0x00000000080009c4                UART5_IRQHandler
                0x00000000080009c4                ADC3_IRQHandler
                0x00000000080009c4                TIM4_IRQHandler
                0x00000000080009c4                CAN_RX1_IRQHandler
                0x00000000080009c4                DMA2_Channel1_IRQHandler
                0x00000000080009c4                I2C1_EV_IRQHandler
                0x00000000080009c4                DMA1_Channel6_IRQHandler
                0x00000000080009c4                UART4_IRQHandler
                0x00000000080009c4                DMA2_Channel4_IRQHandler
                0x00000000080009c4                TIM3_IRQHandler
                0x00000000080009c4                RCC_IRQHandler
                0x00000000080009c4                TIM20_UP_IRQHandler
                0x00000000080009c4                DMA1_Channel1_IRQHandler
                0x00000000080009c4                Default_Handler
                0x00000000080009c4                USBWakeUp_RMP_IRQHandler
                0x00000000080009c4                EXTI15_10_IRQHandler
                0x00000000080009c4                TIM7_IRQHandler
                0x00000000080009c4                I2C3_EV_IRQHandler
                0x00000000080009c4                EXTI9_5_IRQHandler
                0x00000000080009c4                RTC_WKUP_IRQHandler
                0x00000000080009c4                SPI2_IRQHandler
                0x00000000080009c4                USB_LP_CAN_RX0_IRQHandler
                0x00000000080009c4                DMA2_Channel5_IRQHandler
                0x00000000080009c4                DMA1_Channel5_IRQHandler
                0x00000000080009c4                USB_LP_IRQHandler
                0x00000000080009c4                EXTI4_IRQHandler
                0x00000000080009c4                TIM1_TRG_COM_TIM17_IRQHandler
                0x00000000080009c4                DMA1_Channel3_IRQHandler
                0x00000000080009c4                ADC4_IRQHandler
                0x00000000080009c4                WWDG_IRQHandler
                0x00000000080009c4                TIM2_IRQHandler
                0x00000000080009c4                COMP7_IRQHandler
                0x00000000080009c4                COMP1_2_3_IRQHandler
                0x00000000080009c4                EXTI1_IRQHandler
                0x00000000080009c4                USART2_IRQHandler
                0x00000000080009c4                COMP4_5_6_IRQHandler
                0x00000000080009c4                TIM20_BRK_IRQHandler
                0x00000000080009c4                I2C2_ER_IRQHandler
                0x00000000080009c4                DMA1_Channel2_IRQHandler
                0x00000000080009c4                TIM8_BRK_IRQHandler
                0x00000000080009c4                FLASH_IRQHandler
                0x00000000080009c4                TIM20_CC_IRQHandler
                0x00000000080009c4                USART1_IRQHandler
                0x00000000080009c4                SPI3_IRQHandler
                0x00000000080009c4                I2C1_ER_IRQHandler
                0x00000000080009c4                FMC_IRQHandler
                0x00000000080009c4                USBWakeUp_IRQHandler
                0x00000000080009c4                DMA2_Channel3_IRQHandler
                0x00000000080009c4                EXTI2_TSC_IRQHandler
                0x00000000080009c4                TIM1_BRK_TIM15_IRQHandler
 *fill*         0x00000000080009c6        0x2 
 .text.HAL_InitTick
                0x00000000080009c8       0x60 Drivers/STM32F3xx_HAL_Driver/Src/stm32f3xx_hal.o
                0x00000000080009c8                HAL_InitTick
 .text.HAL_IncTick
                0x0000000008000a28       0x28 Drivers/STM32F3xx_HAL_Driver/Src/stm32f3xx_hal.o
                0x0000000008000a28                HAL_IncTick
 .text.HAL_GetTick
                0x0000000008000a50       0x18 Drivers/STM32F3xx_HAL_Driver/Src/stm32f3xx_hal.o
                0x0000000008000a50                HAL_GetTick
 .text.HAL_ADC_Init
                0x0000000008000a68      0x3f4 Drivers/STM32F3xx_HAL_Driver/Src/stm32f3xx_hal_adc_ex.o
                0x0000000008000a68                HAL_ADC_Init
 .text.HAL_ADC_Start
                0x0000000008000e5c      0x22c Drivers/STM32F3xx_HAL_Driver/Src/stm32f3xx_hal_adc_ex.o
                0x0000000008000e5c                HAL_ADC_Start
 .text.HAL_ADC_PollForConversion
                0x0000000008001088      0x1f4 Drivers/STM32F3xx_HAL_Driver/Src/stm32f3xx_hal_adc_ex.o
                0x0000000008001088                HAL_ADC_PollForConversion
 .text.HAL_ADC_GetValue
                0x000000000800127c       0x1a Drivers/STM32F3xx_HAL_Driver/Src/stm32f3xx_hal_adc_ex.o
                0x000000000800127c                HAL_ADC_GetValue
 .text.HAL_ADCEx_Calibration_Start
                0x0000000008001296       0xd4 Drivers/STM32F3xx_HAL_Driver/Src/stm32f3xx_hal_adc_ex.o
                0x0000000008001296                HAL_ADCEx_Calibration_Start
 *fill*         0x000000000800136a        0x2 
 .text.HAL_ADC_ConfigChannel
                0x000000000800136c      0x5d8 Drivers/STM32F3xx_HAL_Driver/Src/stm32f3xx_hal_adc_ex.o
                0x000000000800136c                HAL_ADC_ConfigChannel
 .text.ADC_Enable
                0x0000000008001944       0xbc Drivers/STM32F3xx_HAL_Driver/Src/stm32f3xx_hal_adc_ex.o
 .text.ADC_Disable
                0x0000000008001a00       0xbe Drivers/STM32F3xx_HAL_Driver/Src/stm32f3xx_hal_adc_ex.o
 *fill*         0x0000000008001abe        0x2 
 .text.__NVIC_GetPriorityGrouping
                0x0000000008001ac0       0x1c Drivers/STM32F3xx_HAL_Driver/Src/stm32f3xx_hal_cortex.o
 .text.__NVIC_SetPriority
                0x0000000008001adc       0x54 Drivers/STM32F3xx_HAL_Driver/Src/stm32f3xx_hal_cortex.o
 .text.NVIC_EncodePriority
                0x0000000008001b30       0x66 Drivers/STM32F3xx_HAL_Driver/Src/stm32f3xx_hal_cortex.o
 *fill*         0x0000000008001b96        0x2 
 .text.SysTick_Config
                0x0000000008001b98       0x44 Drivers/STM32F3xx_HAL_Driver/Src/stm32f3xx_hal_cortex.o
 .text.HAL_NVIC_SetPriority
                0x0000000008001bdc       0x38 Drivers/STM32F3xx_HAL_Driver/Src/stm32f3xx_hal_cortex.o
                0x0000000008001bdc                HAL_NVIC_SetPriority
 .text.HAL_SYSTICK_Config
                0x0000000008001c14       0x18 Drivers/STM32F3xx_HAL_Driver/Src/stm32f3xx_hal_cortex.o
                0x0000000008001c14                HAL_SYSTICK_Config
 .text.HAL_GPIO_Init
                0x0000000008001c2c      0x314 Drivers/STM32F3xx_HAL_Driver/Src/stm32f3xx_hal_gpio.o
                0x0000000008001c2c                HAL_GPIO_Init
 .text.HAL_RCC_OscConfig
                0x0000000008001f40      0xe2c Drivers/STM32F3xx_HAL_Driver/Src/stm32f3xx_hal_rcc.o
                0x0000000008001f40                HAL_RCC_OscConfig
 .text.HAL_RCC_ClockConfig
                0x0000000008002d6c      0x2f8 Drivers/STM32F3xx_HAL_Driver/Src/stm32f3xx_hal_rcc.o
                0x0000000008002d6c                HAL_RCC_ClockConfig
 .text.HAL_RCC_GetSysClockFreq
                0x0000000008003064       0xd4 Drivers/STM32F3xx_HAL_Driver/Src/stm32f3xx_hal_rcc.o
                0x0000000008003064                HAL_RCC_GetSysClockFreq
 .text.HAL_RCC_GetHCLKFreq
                0x0000000008003138       0x18 Drivers/STM32F3xx_HAL_Driver/Src/stm32f3xx_hal_rcc.o
                0x0000000008003138                HAL_RCC_GetHCLKFreq
 .text.HAL_RCC_GetPCLK1Freq
                0x0000000008003150       0x44 Drivers/STM32F3xx_HAL_Driver/Src/stm32f3xx_hal_rcc.o
                0x0000000008003150                HAL_RCC_GetPCLK1Freq
 .text.HAL_RCC_GetPCLK2Freq
                0x0000000008003194       0x44 Drivers/STM32F3xx_HAL_Driver/Src/stm32f3xx_hal_rcc.o
                0x0000000008003194                HAL_RCC_GetPCLK2Freq
 .text.HAL_RCCEx_PeriphCLKConfig
                0x00000000080031d8      0x43c Drivers/STM32F3xx_HAL_Driver/Src/stm32f3xx_hal_rcc_ex.o
                0x00000000080031d8                HAL_RCCEx_PeriphCLKConfig
 .text.HAL_TIM_Base_Init
                0x0000000008003614       0x56 Drivers/STM32F3xx_HAL_Driver/Src/stm32f3xx_hal_tim.o
                0x0000000008003614                HAL_TIM_Base_Init
 *fill*         0x000000000800366a        0x2 
 .text.TIM_Base_SetConfig
                0x000000000800366c      0x13c Drivers/STM32F3xx_HAL_Driver/Src/stm32f3xx_hal_tim.o
                0x000000000800366c                TIM_Base_SetConfig
 .text.HAL_UART_Init
                0x00000000080037a8       0x9c Drivers/STM32F3xx_HAL_Driver/Src/stm32f3xx_hal_uart.o
                0x00000000080037a8                HAL_UART_Init
 .text.HAL_UART_Transmit
                0x0000000008003844      0x126 Drivers/STM32F3xx_HAL_Driver/Src/stm32f3xx_hal_uart.o
                0x0000000008003844                HAL_UART_Transmit
 *fill*         0x000000000800396a        0x2 
 .text.UART_SetConfig
                0x000000000800396c      0x434 Drivers/STM32F3xx_HAL_Driver/Src/stm32f3xx_hal_uart.o
                0x000000000800396c                UART_SetConfig
 .text.UART_AdvFeatureConfig
                0x0000000008003da0      0x144 Drivers/STM32F3xx_HAL_Driver/Src/stm32f3xx_hal_uart.o
                0x0000000008003da0                UART_AdvFeatureConfig
 .text.UART_CheckIdleState
                0x0000000008003ee4       0x8a Drivers/STM32F3xx_HAL_Driver/Src/stm32f3xx_hal_uart.o
                0x0000000008003ee4                UART_CheckIdleState
 .text.UART_WaitOnFlagUntilTimeout
                0x0000000008003f6e       0xf6 Drivers/STM32F3xx_HAL_Driver/Src/stm32f3xx_hal_uart.o
                0x0000000008003f6e                UART_WaitOnFlagUntilTimeout
 .text.LL_EXTI_EnableIT_0_31
                0x0000000008004064       0x24 Drivers/STM32F3xx_HAL_Driver/Src/stm32f3xx_ll_exti.o
 .text.LL_EXTI_EnableIT_32_63
                0x0000000008004088       0x24 Drivers/STM32F3xx_HAL_Driver/Src/stm32f3xx_ll_exti.o
 .text.LL_EXTI_DisableIT_0_31
                0x00000000080040ac       0x28 Drivers/STM32F3xx_HAL_Driver/Src/stm32f3xx_ll_exti.o
 .text.LL_EXTI_DisableIT_32_63
                0x00000000080040d4       0x28 Drivers/STM32F3xx_HAL_Driver/Src/stm32f3xx_ll_exti.o
 .text.LL_EXTI_EnableEvent_0_31
                0x00000000080040fc       0x24 Drivers/STM32F3xx_HAL_Driver/Src/stm32f3xx_ll_exti.o
 .text.LL_EXTI_EnableEvent_32_63
                0x0000000008004120       0x24 Drivers/STM32F3xx_HAL_Driver/Src/stm32f3xx_ll_exti.o
 .text.LL_EXTI_DisableEvent_0_31
                0x0000000008004144       0x28 Drivers/STM32F3xx_HAL_Driver/Src/stm32f3xx_ll_exti.o
 .text.LL_EXTI_DisableEvent_32_63
                0x000000000800416c       0x28 Drivers/STM32F3xx_HAL_Driver/Src/stm32f3xx_ll_exti.o
 .text.LL_EXTI_EnableRisingTrig_0_31
                0x0000000008004194       0x24 Drivers/STM32F3xx_HAL_Driver/Src/stm32f3xx_ll_exti.o
 .text.LL_EXTI_EnableRisingTrig_32_63
                0x00000000080041b8       0x24 Drivers/STM32F3xx_HAL_Driver/Src/stm32f3xx_ll_exti.o
 .text.LL_EXTI_DisableRisingTrig_0_31
                0x00000000080041dc       0x28 Drivers/STM32F3xx_HAL_Driver/Src/stm32f3xx_ll_exti.o
 .text.LL_EXTI_DisableRisingTrig_32_63
                0x0000000008004204       0x28 Drivers/STM32F3xx_HAL_Driver/Src/stm32f3xx_ll_exti.o
 .text.LL_EXTI_EnableFallingTrig_0_31
                0x000000000800422c       0x24 Drivers/STM32F3xx_HAL_Driver/Src/stm32f3xx_ll_exti.o
 .text.LL_EXTI_EnableFallingTrig_32_63
                0x0000000008004250       0x24 Drivers/STM32F3xx_HAL_Driver/Src/stm32f3xx_ll_exti.o
 .text.LL_EXTI_DisableFallingTrig_0_31
                0x0000000008004274       0x28 Drivers/STM32F3xx_HAL_Driver/Src/stm32f3xx_ll_exti.o
 .text.LL_EXTI_DisableFallingTrig_32_63
                0x000000000800429c       0x28 Drivers/STM32F3xx_HAL_Driver/Src/stm32f3xx_ll_exti.o
 .text.LL_EXTI_Init
                0x00000000080042c4      0x1d0 Drivers/STM32F3xx_HAL_Driver/Src/stm32f3xx_ll_exti.o
                0x00000000080042c4                LL_EXTI_Init
 .text.LL_GPIO_SetPinMode
                0x0000000008004494       0x5e Drivers/STM32F3xx_HAL_Driver/Src/stm32f3xx_ll_gpio.o
 .text.LL_GPIO_SetPinOutputType
                0x00000000080044f2       0x30 Drivers/STM32F3xx_HAL_Driver/Src/stm32f3xx_ll_gpio.o
 .text.LL_GPIO_SetPinSpeed
                0x0000000008004522       0x5e Drivers/STM32F3xx_HAL_Driver/Src/stm32f3xx_ll_gpio.o
 .text.LL_GPIO_SetPinPull
                0x0000000008004580       0x5e Drivers/STM32F3xx_HAL_Driver/Src/stm32f3xx_ll_gpio.o
 .text.LL_GPIO_SetAFPin_0_7
                0x00000000080045de       0x5e Drivers/STM32F3xx_HAL_Driver/Src/stm32f3xx_ll_gpio.o
 .text.LL_GPIO_SetAFPin_8_15
                0x000000000800463c       0x62 Drivers/STM32F3xx_HAL_Driver/Src/stm32f3xx_ll_gpio.o
 .text.LL_GPIO_Init
                0x000000000800469e       0xf0 Drivers/STM32F3xx_HAL_Driver/Src/stm32f3xx_ll_gpio.o
                0x000000000800469e                LL_GPIO_Init
 *fill*         0x000000000800478e        0x2 
 .text.__libc_init_array
                0x0000000008004790       0x48 /opt/st/stm32cubeide_1.1.0/plugins/com.st.stm32cube.ide.mcu.externaltools.gnu-tools-for-stm32.7-2018-q2-update.linux64_1.0.0.201904181610/tools/bin/../lib/gcc/arm-none-eabi/7.3.1/../../../../arm-none-eabi/lib/thumb/v7e-m/fpv4-sp/hard/libc_nano.a(lib_a-init.o)
                0x0000000008004790                __libc_init_array
 .text.memset   0x00000000080047d8       0x10 /opt/st/stm32cubeide_1.1.0/plugins/com.st.stm32cube.ide.mcu.externaltools.gnu-tools-for-stm32.7-2018-q2-update.linux64_1.0.0.201904181610/tools/bin/../lib/gcc/arm-none-eabi/7.3.1/../../../../arm-none-eabi/lib/thumb/v7e-m/fpv4-sp/hard/libc_nano.a(lib_a-memset.o)
                0x00000000080047d8                memset
 *(.glue_7)
 .glue_7        0x00000000080047e8        0x0 linker stubs
 *(.glue_7t)
 .glue_7t       0x00000000080047e8        0x0 linker stubs
 *(.eh_frame)
 .eh_frame      0x00000000080047e8        0x0 /opt/st/stm32cubeide_1.1.0/plugins/com.st.stm32cube.ide.mcu.externaltools.gnu-tools-for-stm32.7-2018-q2-update.linux64_1.0.0.201904181610/tools/bin/../lib/gcc/arm-none-eabi/7.3.1/thumb/v7e-m/fpv4-sp/hard/crtbegin.o
 *(.init)
 .init          0x00000000080047e8        0x4 /opt/st/stm32cubeide_1.1.0/plugins/com.st.stm32cube.ide.mcu.externaltools.gnu-tools-for-stm32.7-2018-q2-update.linux64_1.0.0.201904181610/tools/bin/../lib/gcc/arm-none-eabi/7.3.1/thumb/v7e-m/fpv4-sp/hard/crti.o
                0x00000000080047e8                _init
 .init          0x00000000080047ec        0x8 /opt/st/stm32cubeide_1.1.0/plugins/com.st.stm32cube.ide.mcu.externaltools.gnu-tools-for-stm32.7-2018-q2-update.linux64_1.0.0.201904181610/tools/bin/../lib/gcc/arm-none-eabi/7.3.1/thumb/v7e-m/fpv4-sp/hard/crtn.o
 *(.fini)
 .fini          0x00000000080047f4        0x4 /opt/st/stm32cubeide_1.1.0/plugins/com.st.stm32cube.ide.mcu.externaltools.gnu-tools-for-stm32.7-2018-q2-update.linux64_1.0.0.201904181610/tools/bin/../lib/gcc/arm-none-eabi/7.3.1/thumb/v7e-m/fpv4-sp/hard/crti.o
                0x00000000080047f4                _fini
 .fini          0x00000000080047f8        0x8 /opt/st/stm32cubeide_1.1.0/plugins/com.st.stm32cube.ide.mcu.externaltools.gnu-tools-for-stm32.7-2018-q2-update.linux64_1.0.0.201904181610/tools/bin/../lib/gcc/arm-none-eabi/7.3.1/thumb/v7e-m/fpv4-sp/hard/crtn.o
                0x0000000008004800                . = ALIGN (0x4)
                0x0000000008004800                _etext = .

.vfp11_veneer   0x0000000008004800        0x0
 .vfp11_veneer  0x0000000008004800        0x0 linker stubs

.v4_bx          0x0000000008004800        0x0
 .v4_bx         0x0000000008004800        0x0 linker stubs

.iplt           0x0000000008004800        0x0
 .iplt          0x0000000008004800        0x0 /opt/st/stm32cubeide_1.1.0/plugins/com.st.stm32cube.ide.mcu.externaltools.gnu-tools-for-stm32.7-2018-q2-update.linux64_1.0.0.201904181610/tools/bin/../lib/gcc/arm-none-eabi/7.3.1/thumb/v7e-m/fpv4-sp/hard/crtbegin.o

.rodata         0x0000000008004800       0x38
                0x0000000008004800                . = ALIGN (0x4)
 *(.rodata)
 *(.rodata*)
 .rodata.AHBPrescTable
                0x0000000008004800       0x10 Core/Src/system_stm32f3xx.o
                0x0000000008004800                AHBPrescTable
 .rodata.APBPrescTable
                0x0000000008004810        0x8 Core/Src/system_stm32f3xx.o
                0x0000000008004810                APBPrescTable
 .rodata.aPLLMULFactorTable
                0x0000000008004818       0x10 Drivers/STM32F3xx_HAL_Driver/Src/stm32f3xx_hal_rcc.o
                0x0000000008004818                aPLLMULFactorTable
 .rodata.aPredivFactorTable
                0x0000000008004828       0x10 Drivers/STM32F3xx_HAL_Driver/Src/stm32f3xx_hal_rcc.o
                0x0000000008004828                aPredivFactorTable
                0x0000000008004838                . = ALIGN (0x4)

.rel.dyn        0x0000000008004838        0x0
 .rel.iplt      0x0000000008004838        0x0 /opt/st/stm32cubeide_1.1.0/plugins/com.st.stm32cube.ide.mcu.externaltools.gnu-tools-for-stm32.7-2018-q2-update.linux64_1.0.0.201904181610/tools/bin/../lib/gcc/arm-none-eabi/7.3.1/thumb/v7e-m/fpv4-sp/hard/crtbegin.o

.ARM.extab      0x0000000008004838        0x0
                0x0000000008004838                . = ALIGN (0x4)
 *(.ARM.extab* .gnu.linkonce.armextab.*)
                0x0000000008004838                . = ALIGN (0x4)

.ARM            0x0000000008004838        0x0
                0x0000000008004838                . = ALIGN (0x4)
                0x0000000008004838                __exidx_start = .
 *(.ARM.exidx*)
                0x0000000008004838                __exidx_end = .
                0x0000000008004838                . = ALIGN (0x4)

.preinit_array  0x0000000008004838        0x0
                0x0000000008004838                . = ALIGN (0x4)
                0x0000000008004838                PROVIDE (__preinit_array_start = .)
 *(.preinit_array*)
                0x0000000008004838                PROVIDE (__preinit_array_end = .)
                0x0000000008004838                . = ALIGN (0x4)

.init_array     0x0000000008004838        0x4
                0x0000000008004838                . = ALIGN (0x4)
                0x0000000008004838                PROVIDE (__init_array_start = .)
 *(SORT_BY_NAME(.init_array.*))
 *(.init_array*)
 .init_array    0x0000000008004838        0x4 /opt/st/stm32cubeide_1.1.0/plugins/com.st.stm32cube.ide.mcu.externaltools.gnu-tools-for-stm32.7-2018-q2-update.linux64_1.0.0.201904181610/tools/bin/../lib/gcc/arm-none-eabi/7.3.1/thumb/v7e-m/fpv4-sp/hard/crtbegin.o
                0x000000000800483c                PROVIDE (__init_array_end = .)
                0x000000000800483c                . = ALIGN (0x4)

.fini_array     0x000000000800483c        0x4
                0x000000000800483c                . = ALIGN (0x4)
                [!provide]                        PROVIDE (__fini_array_start = .)
 *(SORT_BY_NAME(.fini_array.*))
 *(.fini_array*)
 .fini_array    0x000000000800483c        0x4 /opt/st/stm32cubeide_1.1.0/plugins/com.st.stm32cube.ide.mcu.externaltools.gnu-tools-for-stm32.7-2018-q2-update.linux64_1.0.0.201904181610/tools/bin/../lib/gcc/arm-none-eabi/7.3.1/thumb/v7e-m/fpv4-sp/hard/crtbegin.o
                [!provide]                        PROVIDE (__fini_array_end = .)
                0x0000000008004840                . = ALIGN (0x4)
                0x0000000008004840                _sidata = LOADADDR (.data)

.data           0x0000000020000000        0xc load address 0x0000000008004840
                0x0000000020000000                . = ALIGN (0x4)
                0x0000000020000000                _sdata = .
 *(.data)
 *(.data*)
 .data.SystemCoreClock
                0x0000000020000000        0x4 Core/Src/system_stm32f3xx.o
                0x0000000020000000                SystemCoreClock
 .data.uwTickPrio
                0x0000000020000004        0x4 Drivers/STM32F3xx_HAL_Driver/Src/stm32f3xx_hal.o
                0x0000000020000004                uwTickPrio
 .data.uwTickFreq
                0x0000000020000008        0x1 Drivers/STM32F3xx_HAL_Driver/Src/stm32f3xx_hal.o
                0x0000000020000008                uwTickFreq
                0x000000002000000c                . = ALIGN (0x4)
 *fill*         0x0000000020000009        0x3 
                0x000000002000000c                _edata = .

.igot.plt       0x000000002000000c        0x0 load address 0x000000000800484c
 .igot.plt      0x000000002000000c        0x0 /opt/st/stm32cubeide_1.1.0/plugins/com.st.stm32cube.ide.mcu.externaltools.gnu-tools-for-stm32.7-2018-q2-update.linux64_1.0.0.201904181610/tools/bin/../lib/gcc/arm-none-eabi/7.3.1/thumb/v7e-m/fpv4-sp/hard/crtbegin.o
                0x000000002000000c                . = ALIGN (0x4)

.bss            0x000000002000000c      0x130 load address 0x000000000800484c
                0x000000002000000c                _sbss = .
                0x000000002000000c                __bss_start__ = _sbss
 *(.bss)
 .bss           0x000000002000000c       0x1c /opt/st/stm32cubeide_1.1.0/plugins/com.st.stm32cube.ide.mcu.externaltools.gnu-tools-for-stm32.7-2018-q2-update.linux64_1.0.0.201904181610/tools/bin/../lib/gcc/arm-none-eabi/7.3.1/thumb/v7e-m/fpv4-sp/hard/crtbegin.o
 *(.bss*)
 *(COMMON)
 COMMON         0x0000000020000028       0x50 Core/Src/adc.o
                0x0000000020000028                hadc2
 COMMON         0x0000000020000078       0x40 Core/Src/tim.o
                0x0000000020000078                htim16
 COMMON         0x00000000200000b8       0x80 Core/Src/usart.o
                0x00000000200000b8                huart2
 COMMON         0x0000000020000138        0x4 Drivers/STM32F3xx_HAL_Driver/Src/stm32f3xx_hal.o
                0x0000000020000138                uwTick
                0x000000002000013c                . = ALIGN (0x4)
                0x000000002000013c                _ebss = .
                0x000000002000013c                __bss_end__ = _ebss

._user_heap_stack
                0x000000002000013c      0x604 load address 0x000000000800484c
                0x0000000020000140                . = ALIGN (0x8)
 *fill*         0x000000002000013c        0x4 
                0x0000000020000140                PROVIDE (end = .)
                [!provide]                        PROVIDE (_end = .)
                0x0000000020000340                . = (. + _Min_Heap_Size)
 *fill*         0x0000000020000140      0x200 
                0x0000000020000740                . = (. + _Min_Stack_Size)
 *fill*         0x0000000020000340      0x400 
                0x0000000020000740                . = ALIGN (0x8)

/DISCARD/
 libc.a(*)
 libm.a(*)
 libgcc.a(*)

.ARM.attributes
                0x0000000000000000       0x30
 *(.ARM.attributes)
 .ARM.attributes
                0x0000000000000000       0x22 /opt/st/stm32cubeide_1.1.0/plugins/com.st.stm32cube.ide.mcu.externaltools.gnu-tools-for-stm32.7-2018-q2-update.linux64_1.0.0.201904181610/tools/bin/../lib/gcc/arm-none-eabi/7.3.1/thumb/v7e-m/fpv4-sp/hard/crti.o
 .ARM.attributes
                0x0000000000000022       0x34 /opt/st/stm32cubeide_1.1.0/plugins/com.st.stm32cube.ide.mcu.externaltools.gnu-tools-for-stm32.7-2018-q2-update.linux64_1.0.0.201904181610/tools/bin/../lib/gcc/arm-none-eabi/7.3.1/thumb/v7e-m/fpv4-sp/hard/crtbegin.o
 .ARM.attributes
                0x0000000000000056       0x39 Com/com.o
 .ARM.attributes
                0x000000000000008f       0x39 Core/Src/adc.o
 .ARM.attributes
                0x00000000000000c8       0x39 Core/Src/gpio.o
 .ARM.attributes
                0x0000000000000101       0x39 Core/Src/main.o
 .ARM.attributes
                0x000000000000013a       0x39 Core/Src/stm32f3xx_it.o
 .ARM.attributes
                0x0000000000000173       0x39 Core/Src/system_stm32f3xx.o
 .ARM.attributes
                0x00000000000001ac       0x39 Core/Src/tim.o
 .ARM.attributes
                0x00000000000001e5       0x39 Core/Src/usart.o
 .ARM.attributes
                0x000000000000021e       0x21 Core/Startup/startup_stm32f303retx.o
 .ARM.attributes
                0x000000000000023f       0x39 Drivers/STM32F3xx_HAL_Driver/Src/stm32f3xx_hal.o
 .ARM.attributes
                0x0000000000000278       0x39 Drivers/STM32F3xx_HAL_Driver/Src/stm32f3xx_hal_adc_ex.o
 .ARM.attributes
                0x00000000000002b1       0x39 Drivers/STM32F3xx_HAL_Driver/Src/stm32f3xx_hal_cortex.o
 .ARM.attributes
                0x00000000000002ea       0x39 Drivers/STM32F3xx_HAL_Driver/Src/stm32f3xx_hal_gpio.o
 .ARM.attributes
                0x0000000000000323       0x39 Drivers/STM32F3xx_HAL_Driver/Src/stm32f3xx_hal_rcc.o
 .ARM.attributes
                0x000000000000035c       0x39 Drivers/STM32F3xx_HAL_Driver/Src/stm32f3xx_hal_rcc_ex.o
 .ARM.attributes
                0x0000000000000395       0x39 Drivers/STM32F3xx_HAL_Driver/Src/stm32f3xx_hal_tim.o
 .ARM.attributes
                0x00000000000003ce       0x39 Drivers/STM32F3xx_HAL_Driver/Src/stm32f3xx_hal_uart.o
 .ARM.attributes
                0x0000000000000407       0x39 Drivers/STM32F3xx_HAL_Driver/Src/stm32f3xx_ll_exti.o
 .ARM.attributes
                0x0000000000000440       0x39 Drivers/STM32F3xx_HAL_Driver/Src/stm32f3xx_ll_gpio.o
 .ARM.attributes
                0x0000000000000479       0x34 /opt/st/stm32cubeide_1.1.0/plugins/com.st.stm32cube.ide.mcu.externaltools.gnu-tools-for-stm32.7-2018-q2-update.linux64_1.0.0.201904181610/tools/bin/../lib/gcc/arm-none-eabi/7.3.1/../../../../arm-none-eabi/lib/thumb/v7e-m/fpv4-sp/hard/libc_nano.a(lib_a-init.o)
 .ARM.attributes
                0x00000000000004ad       0x34 /opt/st/stm32cubeide_1.1.0/plugins/com.st.stm32cube.ide.mcu.externaltools.gnu-tools-for-stm32.7-2018-q2-update.linux64_1.0.0.201904181610/tools/bin/../lib/gcc/arm-none-eabi/7.3.1/../../../../arm-none-eabi/lib/thumb/v7e-m/fpv4-sp/hard/libc_nano.a(lib_a-memset.o)
 .ARM.attributes
                0x00000000000004e1       0x22 /opt/st/stm32cubeide_1.1.0/plugins/com.st.stm32cube.ide.mcu.externaltools.gnu-tools-for-stm32.7-2018-q2-update.linux64_1.0.0.201904181610/tools/bin/../lib/gcc/arm-none-eabi/7.3.1/thumb/v7e-m/fpv4-sp/hard/crtn.o
OUTPUT(dcmotorsimple.elf elf32-littlearm)

.debug_info     0x0000000000000000     0xdd54
 .debug_info    0x0000000000000000      0x72b Com/com.o
 .debug_info    0x000000000000072b      0xa21 Core/Src/adc.o
 .debug_info    0x000000000000114c      0x74f Core/Src/gpio.o
 .debug_info    0x000000000000189b     0x111c Core/Src/main.o
 .debug_info    0x00000000000029b7      0x233 Core/Src/stm32f3xx_it.o
 .debug_info    0x0000000000002bea      0x45c Core/Src/system_stm32f3xx.o
 .debug_info    0x0000000000003046      0x7bd Core/Src/tim.o
 .debug_info    0x0000000000003803      0x93c Core/Src/usart.o
 .debug_info    0x000000000000413f       0x22 Core/Startup/startup_stm32f303retx.o
 .debug_info    0x0000000000004161      0x812 Drivers/STM32F3xx_HAL_Driver/Src/stm32f3xx_hal.o
 .debug_info    0x0000000000004973     0x1571 Drivers/STM32F3xx_HAL_Driver/Src/stm32f3xx_hal_adc_ex.o
 .debug_info    0x0000000000005ee4      0xdc9 Drivers/STM32F3xx_HAL_Driver/Src/stm32f3xx_hal_cortex.o
 .debug_info    0x0000000000006cad      0x7b2 Drivers/STM32F3xx_HAL_Driver/Src/stm32f3xx_hal_gpio.o
 .debug_info    0x000000000000745f     0x181f Drivers/STM32F3xx_HAL_Driver/Src/stm32f3xx_hal_rcc.o
 .debug_info    0x0000000000008c7e      0x712 Drivers/STM32F3xx_HAL_Driver/Src/stm32f3xx_hal_rcc_ex.o
 .debug_info    0x0000000000009390     0x2648 Drivers/STM32F3xx_HAL_Driver/Src/stm32f3xx_hal_tim.o
 .debug_info    0x000000000000b9d8     0x1592 Drivers/STM32F3xx_HAL_Driver/Src/stm32f3xx_hal_uart.o
 .debug_info    0x000000000000cf6a      0x5ac Drivers/STM32F3xx_HAL_Driver/Src/stm32f3xx_ll_exti.o
 .debug_info    0x000000000000d516      0x83e Drivers/STM32F3xx_HAL_Driver/Src/stm32f3xx_ll_gpio.o

.debug_abbrev   0x0000000000000000     0x2112
 .debug_abbrev  0x0000000000000000      0x15e Com/com.o
 .debug_abbrev  0x000000000000015e      0x199 Core/Src/adc.o
 .debug_abbrev  0x00000000000002f7      0x1d6 Core/Src/gpio.o
 .debug_abbrev  0x00000000000004cd      0x1da Core/Src/main.o
 .debug_abbrev  0x00000000000006a7       0xd5 Core/Src/stm32f3xx_it.o
 .debug_abbrev  0x000000000000077c      0x12b Core/Src/system_stm32f3xx.o
 .debug_abbrev  0x00000000000008a7      0x190 Core/Src/tim.o
 .debug_abbrev  0x0000000000000a37      0x199 Core/Src/usart.o
 .debug_abbrev  0x0000000000000bd0       0x12 Core/Startup/startup_stm32f303retx.o
 .debug_abbrev  0x0000000000000be2      0x1c7 Drivers/STM32F3xx_HAL_Driver/Src/stm32f3xx_hal.o
 .debug_abbrev  0x0000000000000da9      0x225 Drivers/STM32F3xx_HAL_Driver/Src/stm32f3xx_hal_adc_ex.o
 .debug_abbrev  0x0000000000000fce      0x2fa Drivers/STM32F3xx_HAL_Driver/Src/stm32f3xx_hal_cortex.o
 .debug_abbrev  0x00000000000012c8      0x1c0 Drivers/STM32F3xx_HAL_Driver/Src/stm32f3xx_hal_gpio.o
 .debug_abbrev  0x0000000000001488      0x28c Drivers/STM32F3xx_HAL_Driver/Src/stm32f3xx_hal_rcc.o
 .debug_abbrev  0x0000000000001714      0x219 Drivers/STM32F3xx_HAL_Driver/Src/stm32f3xx_hal_rcc_ex.o
 .debug_abbrev  0x000000000000192d      0x230 Drivers/STM32F3xx_HAL_Driver/Src/stm32f3xx_hal_tim.o
 .debug_abbrev  0x0000000000001b5d      0x205 Drivers/STM32F3xx_HAL_Driver/Src/stm32f3xx_hal_uart.o
 .debug_abbrev  0x0000000000001d62      0x19e Drivers/STM32F3xx_HAL_Driver/Src/stm32f3xx_ll_exti.o
 .debug_abbrev  0x0000000000001f00      0x212 Drivers/STM32F3xx_HAL_Driver/Src/stm32f3xx_ll_gpio.o

.debug_aranges  0x0000000000000000      0xd60
 .debug_aranges
                0x0000000000000000       0x20 Com/com.o
 .debug_aranges
                0x0000000000000020       0x30 Core/Src/adc.o
 .debug_aranges
                0x0000000000000050       0x48 Core/Src/gpio.o
 .debug_aranges
                0x0000000000000098       0x48 Core/Src/main.o
 .debug_aranges
                0x00000000000000e0       0x60 Core/Src/stm32f3xx_it.o
 .debug_aranges
                0x0000000000000140       0x28 Core/Src/system_stm32f3xx.o
 .debug_aranges
                0x0000000000000168       0x30 Core/Src/tim.o
 .debug_aranges
                0x0000000000000198       0x30 Core/Src/usart.o
 .debug_aranges
                0x00000000000001c8       0x28 Core/Startup/startup_stm32f303retx.o
 .debug_aranges
                0x00000000000001f0       0xe0 Drivers/STM32F3xx_HAL_Driver/Src/stm32f3xx_hal.o
 .debug_aranges
                0x00000000000002d0      0x168 Drivers/STM32F3xx_HAL_Driver/Src/stm32f3xx_hal_adc_ex.o
 .debug_aranges
                0x0000000000000438      0x118 Drivers/STM32F3xx_HAL_Driver/Src/stm32f3xx_hal_cortex.o
 .debug_aranges
                0x0000000000000550       0x58 Drivers/STM32F3xx_HAL_Driver/Src/stm32f3xx_hal_gpio.o
 .debug_aranges
                0x00000000000005a8       0x88 Drivers/STM32F3xx_HAL_Driver/Src/stm32f3xx_hal_rcc.o
 .debug_aranges
                0x0000000000000630       0x38 Drivers/STM32F3xx_HAL_Driver/Src/stm32f3xx_hal_rcc_ex.o
 .debug_aranges
                0x0000000000000668      0x3c8 Drivers/STM32F3xx_HAL_Driver/Src/stm32f3xx_hal_tim.o
 .debug_aranges
                0x0000000000000a30      0x210 Drivers/STM32F3xx_HAL_Driver/Src/stm32f3xx_hal_uart.o
 .debug_aranges
                0x0000000000000c40       0xb0 Drivers/STM32F3xx_HAL_Driver/Src/stm32f3xx_ll_exti.o
 .debug_aranges
                0x0000000000000cf0       0x70 Drivers/STM32F3xx_HAL_Driver/Src/stm32f3xx_ll_gpio.o

.debug_ranges   0x0000000000000000      0xc38
 .debug_ranges  0x0000000000000000       0x10 Com/com.o
 .debug_ranges  0x0000000000000010       0x20 Core/Src/adc.o
 .debug_ranges  0x0000000000000030       0x38 Core/Src/gpio.o
 .debug_ranges  0x0000000000000068       0x38 Core/Src/main.o
 .debug_ranges  0x00000000000000a0       0x50 Core/Src/stm32f3xx_it.o
 .debug_ranges  0x00000000000000f0       0x18 Core/Src/system_stm32f3xx.o
 .debug_ranges  0x0000000000000108       0x20 Core/Src/tim.o
 .debug_ranges  0x0000000000000128       0x20 Core/Src/usart.o
 .debug_ranges  0x0000000000000148       0x20 Core/Startup/startup_stm32f303retx.o
 .debug_ranges  0x0000000000000168       0xd0 Drivers/STM32F3xx_HAL_Driver/Src/stm32f3xx_hal.o
 .debug_ranges  0x0000000000000238      0x158 Drivers/STM32F3xx_HAL_Driver/Src/stm32f3xx_hal_adc_ex.o
 .debug_ranges  0x0000000000000390      0x108 Drivers/STM32F3xx_HAL_Driver/Src/stm32f3xx_hal_cortex.o
 .debug_ranges  0x0000000000000498       0x48 Drivers/STM32F3xx_HAL_Driver/Src/stm32f3xx_hal_gpio.o
 .debug_ranges  0x00000000000004e0       0x78 Drivers/STM32F3xx_HAL_Driver/Src/stm32f3xx_hal_rcc.o
 .debug_ranges  0x0000000000000558       0x28 Drivers/STM32F3xx_HAL_Driver/Src/stm32f3xx_hal_rcc_ex.o
 .debug_ranges  0x0000000000000580      0x3b8 Drivers/STM32F3xx_HAL_Driver/Src/stm32f3xx_hal_tim.o
 .debug_ranges  0x0000000000000938      0x200 Drivers/STM32F3xx_HAL_Driver/Src/stm32f3xx_hal_uart.o
 .debug_ranges  0x0000000000000b38       0xa0 Drivers/STM32F3xx_HAL_Driver/Src/stm32f3xx_ll_exti.o
 .debug_ranges  0x0000000000000bd8       0x60 Drivers/STM32F3xx_HAL_Driver/Src/stm32f3xx_ll_gpio.o

.debug_macro    0x0000000000000000    0x1f53c
 .debug_macro   0x0000000000000000      0x25f Com/com.o
 .debug_macro   0x000000000000025f      0xa60 Com/com.o
 .debug_macro   0x0000000000000cbf      0x15d Com/com.o
 .debug_macro   0x0000000000000e1c       0x2e Com/com.o
 .debug_macro   0x0000000000000e4a       0x28 Com/com.o
 .debug_macro   0x0000000000000e72       0x22 Com/com.o
 .debug_macro   0x0000000000000e94       0x8e Com/com.o
 .debug_macro   0x0000000000000f22       0x51 Com/com.o
 .debug_macro   0x0000000000000f73       0xef Com/com.o
 .debug_macro   0x0000000000001062       0x6a Com/com.o
 .debug_macro   0x00000000000010cc      0x1df Com/com.o
 .debug_macro   0x00000000000012ab       0x1c Com/com.o
 .debug_macro   0x00000000000012c7       0x22 Com/com.o
 .debug_macro   0x00000000000012e9       0xdf Com/com.o
 .debug_macro   0x00000000000013c8     0x102d Com/com.o
 .debug_macro   0x00000000000023f5      0x11f Com/com.o
 .debug_macro   0x0000000000002514    0x15353 Com/com.o
 .debug_macro   0x0000000000017867       0x43 Com/com.o
 .debug_macro   0x00000000000178aa      0x174 Com/com.o
 .debug_macro   0x0000000000017a1e       0x53 Com/com.o
 .debug_macro   0x0000000000017a71      0x954 Com/com.o
 .debug_macro   0x00000000000183c5      0x84a Com/com.o
 .debug_macro   0x0000000000018c0f      0x12f Com/com.o
 .debug_macro   0x0000000000018d3e      0x23a Com/com.o
 .debug_macro   0x0000000000018f78      0x1ea Com/com.o
 .debug_macro   0x0000000000019162      0x1bc Com/com.o
 .debug_macro   0x000000000001931e       0x30 Com/com.o
 .debug_macro   0x000000000001934e       0x3c Com/com.o
 .debug_macro   0x000000000001938a      0x236 Com/com.o
 .debug_macro   0x00000000000195c0      0x9fe Com/com.o
 .debug_macro   0x0000000000019fbe       0x77 Com/com.o
 .debug_macro   0x000000000001a035       0xc5 Com/com.o
 .debug_macro   0x000000000001a0fa      0x21d Com/com.o
 .debug_macro   0x000000000001a317      0x22c Com/com.o
 .debug_macro   0x000000000001a543       0x58 Com/com.o
 .debug_macro   0x000000000001a59b       0xa5 Com/com.o
 .debug_macro   0x000000000001a640       0x81 Com/com.o
 .debug_macro   0x000000000001a6c1       0xd3 Com/com.o
 .debug_macro   0x000000000001a794      0x9e9 Com/com.o
 .debug_macro   0x000000000001b17d       0xbb Com/com.o
 .debug_macro   0x000000000001b238      0x589 Com/com.o
 .debug_macro   0x000000000001b7c1       0x44 Com/com.o
 .debug_macro   0x000000000001b805      0x347 Com/com.o
 .debug_macro   0x000000000001bb4c      0x39f Com/com.o
 .debug_macro   0x000000000001beeb      0x142 Com/com.o
 .debug_macro   0x000000000001c02d      0x148 Com/com.o
 .debug_macro   0x000000000001c175      0x14a Com/com.o
 .debug_macro   0x000000000001c2bf      0x1a8 Com/com.o
 .debug_macro   0x000000000001c467      0x627 Com/com.o
 .debug_macro   0x000000000001ca8e       0x30 Com/com.o
 .debug_macro   0x000000000001cabe       0xae Com/com.o
 .debug_macro   0x000000000001cb6c      0x287 Com/com.o
 .debug_macro   0x000000000001cdf3       0x88 Com/com.o
 .debug_macro   0x000000000001ce7b      0x251 Core/Src/adc.o
 .debug_macro   0x000000000001d0cc      0x251 Core/Src/gpio.o
 .debug_macro   0x000000000001d31d      0x284 Core/Src/main.o
 .debug_macro   0x000000000001d5a1      0x251 Core/Src/stm32f3xx_it.o
 .debug_macro   0x000000000001d7f2      0x1ed Core/Src/system_stm32f3xx.o
 .debug_macro   0x000000000001d9df      0x251 Core/Src/tim.o
 .debug_macro   0x000000000001dc30      0x251 Core/Src/usart.o
 .debug_macro   0x000000000001de81      0x20b Drivers/STM32F3xx_HAL_Driver/Src/stm32f3xx_hal.o
 .debug_macro   0x000000000001e08c      0x211 Drivers/STM32F3xx_HAL_Driver/Src/stm32f3xx_hal_adc_ex.o
 .debug_macro   0x000000000001e29d      0x1e7 Drivers/STM32F3xx_HAL_Driver/Src/stm32f3xx_hal_cortex.o
 .debug_macro   0x000000000001e484      0x21f Drivers/STM32F3xx_HAL_Driver/Src/stm32f3xx_hal_gpio.o
 .debug_macro   0x000000000001e6a3      0x20b Drivers/STM32F3xx_HAL_Driver/Src/stm32f3xx_hal_rcc.o
 .debug_macro   0x000000000001e8ae      0x1e7 Drivers/STM32F3xx_HAL_Driver/Src/stm32f3xx_hal_rcc_ex.o
 .debug_macro   0x000000000001ea95      0x1e8 Drivers/STM32F3xx_HAL_Driver/Src/stm32f3xx_hal_tim.o
 .debug_macro   0x000000000001ec7d      0x204 Drivers/STM32F3xx_HAL_Driver/Src/stm32f3xx_hal_uart.o
 .debug_macro   0x000000000001ee81      0x214 Drivers/STM32F3xx_HAL_Driver/Src/stm32f3xx_ll_exti.o
 .debug_macro   0x000000000001f095      0x142 Drivers/STM32F3xx_HAL_Driver/Src/stm32f3xx_ll_exti.o
 .debug_macro   0x000000000001f1d7      0x229 Drivers/STM32F3xx_HAL_Driver/Src/stm32f3xx_ll_gpio.o
 .debug_macro   0x000000000001f400      0x13c Drivers/STM32F3xx_HAL_Driver/Src/stm32f3xx_ll_gpio.o

.debug_line     0x0000000000000000     0xcaed
 .debug_line    0x0000000000000000      0x78d Com/com.o
 .debug_line    0x000000000000078d      0x7c6 Core/Src/adc.o
 .debug_line    0x0000000000000f53      0x850 Core/Src/gpio.o
 .debug_line    0x00000000000017a3      0x856 Core/Src/main.o
 .debug_line    0x0000000000001ff9      0x82c Core/Src/stm32f3xx_it.o
 .debug_line    0x0000000000002825      0x6d8 Core/Src/system_stm32f3xx.o
 .debug_line    0x0000000000002efd      0x7ad Core/Src/tim.o
 .debug_line    0x00000000000036aa      0x7be Core/Src/usart.o
 .debug_line    0x0000000000003e68       0x85 Core/Startup/startup_stm32f303retx.o
 .debug_line    0x0000000000003eed      0x893 Drivers/STM32F3xx_HAL_Driver/Src/stm32f3xx_hal.o
 .debug_line    0x0000000000004780     0x19ea Drivers/STM32F3xx_HAL_Driver/Src/stm32f3xx_hal_adc_ex.o
 .debug_line    0x000000000000616a      0x9c8 Drivers/STM32F3xx_HAL_Driver/Src/stm32f3xx_hal_cortex.o
 .debug_line    0x0000000000006b32      0x870 Drivers/STM32F3xx_HAL_Driver/Src/stm32f3xx_hal_gpio.o
 .debug_line    0x00000000000073a2      0xe0e Drivers/STM32F3xx_HAL_Driver/Src/stm32f3xx_hal_rcc.o
 .debug_line    0x00000000000081b0      0xa34 Drivers/STM32F3xx_HAL_Driver/Src/stm32f3xx_hal_rcc_ex.o
 .debug_line    0x0000000000008be4     0x1bf0 Drivers/STM32F3xx_HAL_Driver/Src/stm32f3xx_hal_tim.o
 .debug_line    0x000000000000a7d4     0x11f9 Drivers/STM32F3xx_HAL_Driver/Src/stm32f3xx_hal_uart.o
 .debug_line    0x000000000000b9cd      0x87a Drivers/STM32F3xx_HAL_Driver/Src/stm32f3xx_ll_exti.o
 .debug_line    0x000000000000c247      0x8a6 Drivers/STM32F3xx_HAL_Driver/Src/stm32f3xx_ll_gpio.o

.debug_str      0x0000000000000000    0xbe6af
 .debug_str     0x0000000000000000    0xba036 Com/com.o
                                      0xba920 (size before relaxing)
 .debug_str     0x00000000000ba036      0x353 Core/Src/adc.o
                                      0xbaac6 (size before relaxing)
 .debug_str     0x00000000000ba389      0x168 Core/Src/gpio.o
                                      0xba797 (size before relaxing)
 .debug_str     0x00000000000ba4f1      0x573 Core/Src/main.o
                                      0xbb15a (size before relaxing)
 .debug_str     0x00000000000baa64       0xbd Core/Src/stm32f3xx_it.o
                                      0xba59f (size before relaxing)
 .debug_str     0x00000000000bab21       0xc7 Core/Src/system_stm32f3xx.o
                                      0xb0bc7 (size before relaxing)
 .debug_str     0x00000000000babe8       0x5b Core/Src/tim.o
                                      0xba9c1 (size before relaxing)
 .debug_str     0x00000000000bac43       0x57 Core/Src/usart.o
                                      0xbaa0e (size before relaxing)
 .debug_str     0x00000000000bac9a       0x36 Core/Startup/startup_stm32f303retx.o
                                         0x73 (size before relaxing)
 .debug_str     0x00000000000bacd0      0x74c Drivers/STM32F3xx_HAL_Driver/Src/stm32f3xx_hal.o
                                      0xb13ba (size before relaxing)
 .debug_str     0x00000000000bb41c      0x860 Drivers/STM32F3xx_HAL_Driver/Src/stm32f3xx_hal_adc_ex.o
                                      0xb180b (size before relaxing)
 .debug_str     0x00000000000bbc7c      0x3a8 Drivers/STM32F3xx_HAL_Driver/Src/stm32f3xx_hal_cortex.o
                                      0xb14c8 (size before relaxing)
 .debug_str     0x00000000000bc024      0x21e Drivers/STM32F3xx_HAL_Driver/Src/stm32f3xx_hal_gpio.o
                                      0xb0e91 (size before relaxing)
 .debug_str     0x00000000000bc242      0x309 Drivers/STM32F3xx_HAL_Driver/Src/stm32f3xx_hal_rcc.o
                                      0xb1025 (size before relaxing)
 .debug_str     0x00000000000bc54b       0xd8 Drivers/STM32F3xx_HAL_Driver/Src/stm32f3xx_hal_rcc_ex.o
                                      0xb0e6f (size before relaxing)
 .debug_str     0x00000000000bc623      0xe32 Drivers/STM32F3xx_HAL_Driver/Src/stm32f3xx_hal_tim.o
                                      0xb1db4 (size before relaxing)
 .debug_str     0x00000000000bd455      0x805 Drivers/STM32F3xx_HAL_Driver/Src/stm32f3xx_hal_uart.o
                                      0xb1781 (size before relaxing)
 .debug_str     0x00000000000bdc5a      0x455 Drivers/STM32F3xx_HAL_Driver/Src/stm32f3xx_ll_exti.o
                                      0xb1616 (size before relaxing)
 .debug_str     0x00000000000be0af      0x600 Drivers/STM32F3xx_HAL_Driver/Src/stm32f3xx_ll_gpio.o
                                      0xb21bc (size before relaxing)

.comment        0x0000000000000000       0x7b
 .comment       0x0000000000000000       0x7b Com/com.o
                                         0x7c (size before relaxing)
 .comment       0x000000000000007b       0x7c Core/Src/adc.o
 .comment       0x000000000000007b       0x7c Core/Src/gpio.o
 .comment       0x000000000000007b       0x7c Core/Src/main.o
 .comment       0x000000000000007b       0x7c Core/Src/stm32f3xx_it.o
 .comment       0x000000000000007b       0x7c Core/Src/system_stm32f3xx.o
 .comment       0x000000000000007b       0x7c Core/Src/tim.o
 .comment       0x000000000000007b       0x7c Core/Src/usart.o
 .comment       0x000000000000007b       0x7c Drivers/STM32F3xx_HAL_Driver/Src/stm32f3xx_hal.o
 .comment       0x000000000000007b       0x7c Drivers/STM32F3xx_HAL_Driver/Src/stm32f3xx_hal_adc_ex.o
 .comment       0x000000000000007b       0x7c Drivers/STM32F3xx_HAL_Driver/Src/stm32f3xx_hal_cortex.o
 .comment       0x000000000000007b       0x7c Drivers/STM32F3xx_HAL_Driver/Src/stm32f3xx_hal_gpio.o
 .comment       0x000000000000007b       0x7c Drivers/STM32F3xx_HAL_Driver/Src/stm32f3xx_hal_rcc.o
 .comment       0x000000000000007b       0x7c Drivers/STM32F3xx_HAL_Driver/Src/stm32f3xx_hal_rcc_ex.o
 .comment       0x000000000000007b       0x7c Drivers/STM32F3xx_HAL_Driver/Src/stm32f3xx_hal_tim.o
 .comment       0x000000000000007b       0x7c Drivers/STM32F3xx_HAL_Driver/Src/stm32f3xx_hal_uart.o
 .comment       0x000000000000007b       0x7c Drivers/STM32F3xx_HAL_Driver/Src/stm32f3xx_ll_exti.o
 .comment       0x000000000000007b       0x7c Drivers/STM32F3xx_HAL_Driver/Src/stm32f3xx_ll_gpio.o

.debug_frame    0x0000000000000000     0x370c
 .debug_frame   0x0000000000000000       0x30 Com/com.o
 .debug_frame   0x0000000000000030       0x7c Core/Src/adc.o
 .debug_frame   0x00000000000000ac       0xfc Core/Src/gpio.o
 .debug_frame   0x00000000000001a8       0xe4 Core/Src/main.o
 .debug_frame   0x000000000000028c      0x10c Core/Src/stm32f3xx_it.o
 .debug_frame   0x0000000000000398       0x58 Core/Src/system_stm32f3xx.o
 .debug_frame   0x00000000000003f0       0x7c Core/Src/tim.o
 .debug_frame   0x000000000000046c       0x74 Core/Src/usart.o
 .debug_frame   0x00000000000004e0      0x334 Drivers/STM32F3xx_HAL_Driver/Src/stm32f3xx_hal.o
 .debug_frame   0x0000000000000814      0x644 Drivers/STM32F3xx_HAL_Driver/Src/stm32f3xx_hal_adc_ex.o
 .debug_frame   0x0000000000000e58      0x498 Drivers/STM32F3xx_HAL_Driver/Src/stm32f3xx_hal_cortex.o
 .debug_frame   0x00000000000012f0      0x14c Drivers/STM32F3xx_HAL_Driver/Src/stm32f3xx_hal_gpio.o
 .debug_frame   0x000000000000143c      0x214 Drivers/STM32F3xx_HAL_Driver/Src/stm32f3xx_hal_rcc.o
 .debug_frame   0x0000000000001650       0xb4 Drivers/STM32F3xx_HAL_Driver/Src/stm32f3xx_hal_rcc_ex.o
 .debug_frame   0x0000000000001704     0x1190 Drivers/STM32F3xx_HAL_Driver/Src/stm32f3xx_hal_tim.o
 .debug_frame   0x0000000000002894      0x970 Drivers/STM32F3xx_HAL_Driver/Src/stm32f3xx_hal_uart.o
 .debug_frame   0x0000000000003204      0x2fc Drivers/STM32F3xx_HAL_Driver/Src/stm32f3xx_ll_exti.o
 .debug_frame   0x0000000000003500      0x1c0 Drivers/STM32F3xx_HAL_Driver/Src/stm32f3xx_ll_gpio.o
 .debug_frame   0x00000000000036c0       0x2c /opt/st/stm32cubeide_1.1.0/plugins/com.st.stm32cube.ide.mcu.externaltools.gnu-tools-for-stm32.7-2018-q2-update.linux64_1.0.0.201904181610/tools/bin/../lib/gcc/arm-none-eabi/7.3.1/../../../../arm-none-eabi/lib/thumb/v7e-m/fpv4-sp/hard/libc_nano.a(lib_a-init.o)
 .debug_frame   0x00000000000036ec       0x20 /opt/st/stm32cubeide_1.1.0/plugins/com.st.stm32cube.ide.mcu.externaltools.gnu-tools-for-stm32.7-2018-q2-update.linux64_1.0.0.201904181610/tools/bin/../lib/gcc/arm-none-eabi/7.3.1/../../../../arm-none-eabi/lib/thumb/v7e-m/fpv4-sp/hard/libc_nano.a(lib_a-memset.o)
